<html>
<body>
<pre>
<h1>µVision Build Log</h1>
<h2>Project:</h2>
C:\Users\student\Desktop\finalProject - Pretty\project.uvproj
Project File Date:  09/18/2013

<h2>Output:</h2>
Build target 'Target 1'
compiling LCD_TEST.c...
Display.h(19): warning:  #1295-D: Deprecated declaration drawDeleteConf - give arg types
Display.h(22): warning:  #1-D: last line of file ends without a newline
LCD_TEST.c(30): warning:  #47-D: incompatible redefinition of macro "JOY_UP" (declared at line 22 of "board_files/JOY.h")
LCD_TEST.c(31): warning:  #47-D: incompatible redefinition of macro "JOY_DOWN" (declared at line 23 of "board_files/JOY.h")
LCD_TEST.c(32): warning:  #47-D: incompatible redefinition of macro "JOY_RIGHT" (declared at line 20 of "board_files/JOY.h")
LCD_TEST.c(33): warning:  #47-D: incompatible redefinition of macro "JOY_LEFT" (declared at line 19 of "board_files/JOY.h")
LCD_TEST.c(171): warning:  #550-D: variable "err" was set but never used
LCD_TEST.c(190): warning:  #550-D: variable "err" was set but never used
LCD_TEST.c(207): warning:  #550-D: variable "err" was set but never used
LCD_TEST.c(249): warning:  #167-D: argument of type "unsigned char *" is incompatible with parameter of type "char *restrict"
LCD_TEST.c(231): warning:  #550-D: variable "err" was set but never used
LCD_TEST.c(235): warning:  #550-D: variable "offset" was set but never used
LCD_TEST.c(288): warning:  #550-D: variable "err" was set but never used
LCD_TEST.c(310): warning:  #550-D: variable "err" was set but never used
LCD_TEST.c(472): warning:  #223-D: function "KBD_GetKeys" declared implicitly
LCD_TEST.c(464): warning:  #177-D: variable "sec" was declared but never referenced
LCD_TEST.c(488): warning:  #550-D: variable "err" was set but never used
LCD_TEST.c(583): warning:  #223-D: function "KBD_Init" declared implicitly
LCD_TEST.c(600): warning:  #223-D: function "memcpy" declared implicitly
compiling Display.c...
Display.h(19): warning:  #1295-D: Deprecated declaration drawDeleteConf - give arg types
Display.h(22): warning:  #1-D: last line of file ends without a newline
Display.c(7): warning:  #177-D: variable "i" was declared but never referenced
Display.c(8): warning:  #177-D: variable "string" was declared but never referenced
Display.c(32): warning:  #167-D: argument of type "char *" is incompatible with parameter of type "unsigned char *"
Display.c(33): warning:  #167-D: argument of type "char *" is incompatible with parameter of type "unsigned char *"
Display.c(34): warning:  #167-D: argument of type "char *" is incompatible with parameter of type "unsigned char *"
Display.c(35): warning:  #940-D: missing return statement at end of non-void function "drawDeleteConf"
Display.c(39): error:  #70: incomplete type is not allowed
Display.c(43): error:  #20: identifier "OS_RESULT" is undefined
Display.c(50): warning:  #223-D: function "os_mut_wait" declared implicitly
Display.c(50): error:  #20: identifier "mut_msg_ptr" is undefined
Display.c(51): error:  #20: identifier "displayedMessage" is undefined
Display.c(52): warning:  #223-D: function "os_mut_release" declared implicitly
Display.c(109): warning:  #223-D: function "sprintf" declared implicitly
Display.c(113): warning:  #1-D: last line of file ends without a newline
Display.c(41): warning:  #177-D: variable "msgOffset" was declared but never referenced
Target not created
Build target 'Target 1'
compiling Display.c...
Display.h(19): warning:  #1295-D: Deprecated declaration drawDeleteConf - give arg types
Display.h(22): warning:  #1-D: last line of file ends without a newline
Display.c(6): warning:  #260-D: explicit type is missing ("int" assumed)
Display.c(6): warning:  #260-D: explicit type is missing ("int" assumed)
Display.c(12): warning:  #177-D: variable "i" was declared but never referenced
Display.c(13): warning:  #177-D: variable "string" was declared but never referenced
Display.c(37): warning:  #167-D: argument of type "char *" is incompatible with parameter of type "unsigned char *"
Display.c(38): warning:  #167-D: argument of type "char *" is incompatible with parameter of type "unsigned char *"
Display.c(39): warning:  #167-D: argument of type "char *" is incompatible with parameter of type "unsigned char *"
Display.c(40): warning:  #940-D: missing return statement at end of non-void function "drawDeleteConf"
Display.c(44): error:  #70: incomplete type is not allowed
Display.c(48): error:  #20: identifier "OS_RESULT" is undefined
Display.c(55): warning:  #223-D: function "os_mut_wait" declared implicitly
Display.c(56): error:  #75: operand of "*" must be a pointer
Display.c(57): warning:  #223-D: function "os_mut_release" declared implicitly
Display.c(114): warning:  #223-D: function "sprintf" declared implicitly
Display.c(118): warning:  #1-D: last line of file ends without a newline
Display.c(46): warning:  #177-D: variable "msgOffset" was declared but never referenced
Target not created
Build target 'Target 1'
compiling Display.c...
Display.h(19): warning:  #1295-D: Deprecated declaration drawDeleteConf - give arg types
Display.h(22): warning:  #1-D: last line of file ends without a newline
Display.c(12): warning:  #177-D: variable "i" was declared but never referenced
Display.c(13): warning:  #177-D: variable "string" was declared but never referenced
Display.c(37): warning:  #167-D: argument of type "char *" is incompatible with parameter of type "unsigned char *"
Display.c(38): warning:  #167-D: argument of type "char *" is incompatible with parameter of type "unsigned char *"
Display.c(39): warning:  #167-D: argument of type "char *" is incompatible with parameter of type "unsigned char *"
Display.c(40): warning:  #940-D: missing return statement at end of non-void function "drawDeleteConf"
Display.c(44): error:  #70: incomplete type is not allowed
Display.c(48): error:  #20: identifier "OS_RESULT" is undefined
Display.c(55): warning:  #223-D: function "os_mut_wait" declared implicitly
Display.c(55): error:  #20: identifier "mut_msg_ptr" is undefined
Display.c(56): error:  #20: identifier "displayedMessage" is undefined
Display.c(57): warning:  #223-D: function "os_mut_release" declared implicitly
Display.c(114): warning:  #223-D: function "sprintf" declared implicitly
Display.c(118): warning:  #1-D: last line of file ends without a newline
Display.c(46): warning:  #177-D: variable "msgOffset" was declared but never referenced
Target not created
Build target 'Target 1'
compiling LCD_TEST.c...
Display.h(19): warning:  #1295-D: Deprecated declaration drawDeleteConf - give arg types
Display.h(22): warning:  #1-D: last line of file ends without a newline
Text.h(6): error:  #70: incomplete type is not allowed
Text.h(13): warning:  #1-D: last line of file ends without a newline
LCD_TEST.c(32): warning:  #47-D: incompatible redefinition of macro "JOY_UP" (declared at line 22 of "board_files/JOY.h")
LCD_TEST.c(33): warning:  #47-D: incompatible redefinition of macro "JOY_DOWN" (declared at line 23 of "board_files/JOY.h")
LCD_TEST.c(34): warning:  #47-D: incompatible redefinition of macro "JOY_RIGHT" (declared at line 20 of "board_files/JOY.h")
LCD_TEST.c(35): warning:  #47-D: incompatible redefinition of macro "JOY_LEFT" (declared at line 19 of "board_files/JOY.h")
LCD_TEST.c(166): warning:  #550-D: variable "err" was set but never used
LCD_TEST.c(185): warning:  #550-D: variable "err" was set but never used
LCD_TEST.c(202): warning:  #550-D: variable "err" was set but never used
LCD_TEST.c(244): warning:  #167-D: argument of type "unsigned char *" is incompatible with parameter of type "char *restrict"
LCD_TEST.c(226): warning:  #550-D: variable "err" was set but never used
LCD_TEST.c(230): warning:  #550-D: variable "offset" was set but never used
LCD_TEST.c(283): warning:  #550-D: variable "err" was set but never used
LCD_TEST.c(305): warning:  #550-D: variable "err" was set but never used
LCD_TEST.c(467): warning:  #223-D: function "KBD_GetKeys" declared implicitly
LCD_TEST.c(459): warning:  #177-D: variable "sec" was declared but never referenced
LCD_TEST.c(483): warning:  #550-D: variable "err" was set but never used
LCD_TEST.c(578): warning:  #223-D: function "KBD_Init" declared implicitly
LCD_TEST.c(595): warning:  #223-D: function "memcpy" declared implicitly
compiling Display.c...
Display.h(19): warning:  #1295-D: Deprecated declaration drawDeleteConf - give arg types
Display.h(22): warning:  #1-D: last line of file ends without a newline
Global.h(36): error:  #20: identifier "OS_MUT" is undefined
Text.h(6): error:  #70: incomplete type is not allowed
Text.h(10): error:  #20: identifier "uint8_t" is undefined
Text.h(13): warning:  #1-D: last line of file ends without a newline
Display.c(14): warning:  #177-D: variable "i" was declared but never referenced
Display.c(15): warning:  #177-D: variable "string" was declared but never referenced
Display.c(39): warning:  #167-D: argument of type "char *" is incompatible with parameter of type "unsigned char *"
Display.c(40): warning:  #167-D: argument of type "char *" is incompatible with parameter of type "unsigned char *"
Display.c(41): warning:  #167-D: argument of type "char *" is incompatible with parameter of type "unsigned char *"
Display.c(42): warning:  #940-D: missing return statement at end of non-void function "drawDeleteConf"
Display.c(116): warning:  #223-D: function "sprintf" declared implicitly
Display.c(120): warning:  #1-D: last line of file ends without a newline
Display.c(48): warning:  #177-D: variable "msgOffset" was declared but never referenced
Display.c(50): warning:  #550-D: variable "err" was set but never used
Target not created
Build target 'Target 1'
compiling LCD_TEST.c...
Global.h(36): error:  #20: identifier "OS_MUT" is undefined
Text.h(6): error:  #70: incomplete type is not allowed
Text.h(13): warning:  #1-D: last line of file ends without a newline
Display.h(20): warning:  #1295-D: Deprecated declaration drawDeleteConf - give arg types
Display.h(23): warning:  #1-D: last line of file ends without a newline
Time.h(11): warning:  #1-D: last line of file ends without a newline
LCD_TEST.c(33): warning:  #47-D: incompatible redefinition of macro "JOY_UP" (declared at line 22 of "board_files/JOY.h")
LCD_TEST.c(34): warning:  #47-D: incompatible redefinition of macro "JOY_DOWN" (declared at line 23 of "board_files/JOY.h")
LCD_TEST.c(35): warning:  #47-D: incompatible redefinition of macro "JOY_RIGHT" (declared at line 20 of "board_files/JOY.h")
LCD_TEST.c(36): warning:  #47-D: incompatible redefinition of macro "JOY_LEFT" (declared at line 19 of "board_files/JOY.h")
LCD_TEST.c(162): warning:  #550-D: variable "err" was set but never used
LCD_TEST.c(181): warning:  #550-D: variable "err" was set but never used
LCD_TEST.c(198): warning:  #550-D: variable "err" was set but never used
LCD_TEST.c(240): warning:  #167-D: argument of type "unsigned char *" is incompatible with parameter of type "char *restrict"
LCD_TEST.c(222): warning:  #550-D: variable "err" was set but never used
LCD_TEST.c(226): warning:  #550-D: variable "offset" was set but never used
LCD_TEST.c(279): warning:  #550-D: variable "err" was set but never used
LCD_TEST.c(301): warning:  #550-D: variable "err" was set but never used
LCD_TEST.c(463): warning:  #223-D: function "KBD_GetKeys" declared implicitly
LCD_TEST.c(455): warning:  #177-D: variable "sec" was declared but never referenced
LCD_TEST.c(479): warning:  #550-D: variable "err" was set but never used
LCD_TEST.c(574): warning:  #223-D: function "KBD_Init" declared implicitly
LCD_TEST.c(591): warning:  #223-D: function "memcpy" declared implicitly
compiling Display.c...
Global.h(36): error:  #20: identifier "OS_MUT" is undefined
Text.h(6): error:  #70: incomplete type is not allowed
Text.h(10): error:  #20: identifier "uint8_t" is undefined
Text.h(13): warning:  #1-D: last line of file ends without a newline
Display.h(20): warning:  #1295-D: Deprecated declaration drawDeleteConf - give arg types
Display.h(23): warning:  #1-D: last line of file ends without a newline
Display.c(13): warning:  #177-D: variable "i" was declared but never referenced
Display.c(14): warning:  #177-D: variable "string" was declared but never referenced
Display.c(38): warning:  #167-D: argument of type "char *" is incompatible with parameter of type "unsigned char *"
Display.c(39): warning:  #167-D: argument of type "char *" is incompatible with parameter of type "unsigned char *"
Display.c(40): warning:  #167-D: argument of type "char *" is incompatible with parameter of type "unsigned char *"
Display.c(41): warning:  #940-D: missing return statement at end of non-void function "drawDeleteConf"
Display.c(115): warning:  #223-D: function "sprintf" declared implicitly
Display.c(119): warning:  #1-D: last line of file ends without a newline
Display.c(47): warning:  #177-D: variable "msgOffset" was declared but never referenced
Display.c(49): warning:  #550-D: variable "err" was set but never used
Target not created
Build target 'Target 1'
compiling LCD_TEST.c...
Global.h(36): error:  #20: identifier "OS_MUT" is undefined
Time.h(11): warning:  #1-D: last line of file ends without a newline
Text.h(15): warning:  #1-D: last line of file ends without a newline
Display.h(20): warning:  #1295-D: Deprecated declaration drawDeleteConf - give arg types
Display.h(23): warning:  #1-D: last line of file ends without a newline
LCD_TEST.c(33): warning:  #47-D: incompatible redefinition of macro "JOY_UP" (declared at line 22 of "board_files/JOY.h")
LCD_TEST.c(34): warning:  #47-D: incompatible redefinition of macro "JOY_DOWN" (declared at line 23 of "board_files/JOY.h")
LCD_TEST.c(35): warning:  #47-D: incompatible redefinition of macro "JOY_RIGHT" (declared at line 20 of "board_files/JOY.h")
LCD_TEST.c(36): warning:  #47-D: incompatible redefinition of macro "JOY_LEFT" (declared at line 19 of "board_files/JOY.h")
LCD_TEST.c(162): warning:  #550-D: variable "err" was set but never used
LCD_TEST.c(181): warning:  #550-D: variable "err" was set but never used
LCD_TEST.c(198): warning:  #550-D: variable "err" was set but never used
LCD_TEST.c(240): warning:  #167-D: argument of type "unsigned char *" is incompatible with parameter of type "char *restrict"
LCD_TEST.c(222): warning:  #550-D: variable "err" was set but never used
LCD_TEST.c(226): warning:  #550-D: variable "offset" was set but never used
LCD_TEST.c(279): warning:  #550-D: variable "err" was set but never used
LCD_TEST.c(301): warning:  #550-D: variable "err" was set but never used
LCD_TEST.c(463): warning:  #223-D: function "KBD_GetKeys" declared implicitly
LCD_TEST.c(455): warning:  #177-D: variable "sec" was declared but never referenced
LCD_TEST.c(479): warning:  #550-D: variable "err" was set but never used
LCD_TEST.c(574): warning:  #223-D: function "KBD_Init" declared implicitly
LCD_TEST.c(591): warning:  #223-D: function "memcpy" declared implicitly
compiling Display.c...
Global.h(36): error:  #20: identifier "OS_MUT" is undefined
Time.h(11): warning:  #1-D: last line of file ends without a newline
Text.h(12): error:  #20: identifier "uint8_t" is undefined
Text.h(15): warning:  #1-D: last line of file ends without a newline
Display.h(20): warning:  #1295-D: Deprecated declaration drawDeleteConf - give arg types
Display.h(23): warning:  #1-D: last line of file ends without a newline
Display.c(13): warning:  #177-D: variable "i" was declared but never referenced
Display.c(14): warning:  #177-D: variable "string" was declared but never referenced
Display.c(38): warning:  #167-D: argument of type "char *" is incompatible with parameter of type "unsigned char *"
Display.c(39): warning:  #167-D: argument of type "char *" is incompatible with parameter of type "unsigned char *"
Display.c(40): warning:  #167-D: argument of type "char *" is incompatible with parameter of type "unsigned char *"
Display.c(41): warning:  #940-D: missing return statement at end of non-void function "drawDeleteConf"
Display.c(115): warning:  #223-D: function "sprintf" declared implicitly
Display.c(119): warning:  #1-D: last line of file ends without a newline
Display.c(47): warning:  #177-D: variable "msgOffset" was declared but never referenced
Display.c(49): warning:  #550-D: variable "err" was set but never used
Target not created
Build target 'Target 1'
compiling LCD_TEST.c...
Global.h(36): error:  #20: identifier "OS_MUT" is undefined
Time.h(11): warning:  #1-D: last line of file ends without a newline
Text.h(16): warning:  #1-D: last line of file ends without a newline
Display.h(20): warning:  #1295-D: Deprecated declaration drawDeleteConf - give arg types
Display.h(23): warning:  #1-D: last line of file ends without a newline
LCD_TEST.c(33): warning:  #47-D: incompatible redefinition of macro "JOY_UP" (declared at line 22 of "board_files/JOY.h")
LCD_TEST.c(34): warning:  #47-D: incompatible redefinition of macro "JOY_DOWN" (declared at line 23 of "board_files/JOY.h")
LCD_TEST.c(35): warning:  #47-D: incompatible redefinition of macro "JOY_RIGHT" (declared at line 20 of "board_files/JOY.h")
LCD_TEST.c(36): warning:  #47-D: incompatible redefinition of macro "JOY_LEFT" (declared at line 19 of "board_files/JOY.h")
LCD_TEST.c(162): warning:  #550-D: variable "err" was set but never used
LCD_TEST.c(181): warning:  #550-D: variable "err" was set but never used
LCD_TEST.c(198): warning:  #550-D: variable "err" was set but never used
LCD_TEST.c(240): warning:  #167-D: argument of type "unsigned char *" is incompatible with parameter of type "char *restrict"
LCD_TEST.c(222): warning:  #550-D: variable "err" was set but never used
LCD_TEST.c(226): warning:  #550-D: variable "offset" was set but never used
LCD_TEST.c(279): warning:  #550-D: variable "err" was set but never used
LCD_TEST.c(301): warning:  #550-D: variable "err" was set but never used
LCD_TEST.c(463): warning:  #223-D: function "KBD_GetKeys" declared implicitly
LCD_TEST.c(455): warning:  #177-D: variable "sec" was declared but never referenced
LCD_TEST.c(479): warning:  #550-D: variable "err" was set but never used
LCD_TEST.c(574): warning:  #223-D: function "KBD_Init" declared implicitly
LCD_TEST.c(591): warning:  #223-D: function "memcpy" declared implicitly
compiling Display.c...
Global.h(36): error:  #20: identifier "OS_MUT" is undefined
Time.h(11): warning:  #1-D: last line of file ends without a newline
Text.h(16): warning:  #1-D: last line of file ends without a newline
Display.h(20): warning:  #1295-D: Deprecated declaration drawDeleteConf - give arg types
Display.h(23): warning:  #1-D: last line of file ends without a newline
Display.c(13): warning:  #177-D: variable "i" was declared but never referenced
Display.c(14): warning:  #177-D: variable "string" was declared but never referenced
Display.c(38): warning:  #167-D: argument of type "char *" is incompatible with parameter of type "unsigned char *"
Display.c(39): warning:  #167-D: argument of type "char *" is incompatible with parameter of type "unsigned char *"
Display.c(40): warning:  #167-D: argument of type "char *" is incompatible with parameter of type "unsigned char *"
Display.c(41): warning:  #940-D: missing return statement at end of non-void function "drawDeleteConf"
Display.c(115): warning:  #223-D: function "sprintf" declared implicitly
Display.c(119): warning:  #1-D: last line of file ends without a newline
Display.c(47): warning:  #177-D: variable "msgOffset" was declared but never referenced
Display.c(49): warning:  #550-D: variable "err" was set but never used
Target not created
Build target 'Target 1'
compiling LCD_TEST.c...
Time.h(11): warning:  #1-D: last line of file ends without a newline
Text.h(16): warning:  #1-D: last line of file ends without a newline
Display.h(20): warning:  #1295-D: Deprecated declaration drawDeleteConf - give arg types
Display.h(23): warning:  #1-D: last line of file ends without a newline
LCD_TEST.c(33): warning:  #47-D: incompatible redefinition of macro "JOY_UP" (declared at line 22 of "board_files/JOY.h")
LCD_TEST.c(34): warning:  #47-D: incompatible redefinition of macro "JOY_DOWN" (declared at line 23 of "board_files/JOY.h")
LCD_TEST.c(35): warning:  #47-D: incompatible redefinition of macro "JOY_RIGHT" (declared at line 20 of "board_files/JOY.h")
LCD_TEST.c(36): warning:  #47-D: incompatible redefinition of macro "JOY_LEFT" (declared at line 19 of "board_files/JOY.h")
LCD_TEST.c(162): warning:  #550-D: variable "err" was set but never used
LCD_TEST.c(181): warning:  #550-D: variable "err" was set but never used
LCD_TEST.c(198): warning:  #550-D: variable "err" was set but never used
LCD_TEST.c(240): warning:  #167-D: argument of type "unsigned char *" is incompatible with parameter of type "char *restrict"
LCD_TEST.c(222): warning:  #550-D: variable "err" was set but never used
LCD_TEST.c(226): warning:  #550-D: variable "offset" was set but never used
LCD_TEST.c(279): warning:  #550-D: variable "err" was set but never used
LCD_TEST.c(301): warning:  #550-D: variable "err" was set but never used
LCD_TEST.c(463): warning:  #223-D: function "KBD_GetKeys" declared implicitly
LCD_TEST.c(455): warning:  #177-D: variable "sec" was declared but never referenced
LCD_TEST.c(479): warning:  #550-D: variable "err" was set but never used
LCD_TEST.c(574): warning:  #223-D: function "KBD_Init" declared implicitly
LCD_TEST.c(591): warning:  #223-D: function "memcpy" declared implicitly
compiling Display.c...
Time.h(11): warning:  #1-D: last line of file ends without a newline
Text.h(16): warning:  #1-D: last line of file ends without a newline
Display.h(20): warning:  #1295-D: Deprecated declaration drawDeleteConf - give arg types
Display.h(23): warning:  #1-D: last line of file ends without a newline
Display.c(13): warning:  #177-D: variable "i" was declared but never referenced
Display.c(14): warning:  #177-D: variable "string" was declared but never referenced
Display.c(38): warning:  #167-D: argument of type "char *" is incompatible with parameter of type "unsigned char *"
Display.c(39): warning:  #167-D: argument of type "char *" is incompatible with parameter of type "unsigned char *"
Display.c(40): warning:  #167-D: argument of type "char *" is incompatible with parameter of type "unsigned char *"
Display.c(41): warning:  #940-D: missing return statement at end of non-void function "drawDeleteConf"
Display.c(115): warning:  #223-D: function "sprintf" declared implicitly
Display.c(119): warning:  #1-D: last line of file ends without a newline
Display.c(47): warning:  #177-D: variable "msgOffset" was declared but never referenced
Display.c(49): warning:  #550-D: variable "err" was set but never used
linking...
project.axf: Error: L6200E: Symbol DisplayEvents multiply defined (by display.o and lcd_test.o).
Target not created
Clean started: Project: 'project'
   deleting intermediate output files for target 'Target 1'
Build target 'Target 1'
assembling startup_stm32f2xx.s...
compiling LCD_TEST.c...
Time.h(11): warning:  #1-D: last line of file ends without a newline
Text.h(16): warning:  #1-D: last line of file ends without a newline
Display.h(20): warning:  #1295-D: Deprecated declaration drawDeleteConf - give arg types
Display.h(23): warning:  #1-D: last line of file ends without a newline
LCD_TEST.c(33): warning:  #47-D: incompatible redefinition of macro "JOY_UP" (declared at line 22 of "board_files/JOY.h")
LCD_TEST.c(34): warning:  #47-D: incompatible redefinition of macro "JOY_DOWN" (declared at line 23 of "board_files/JOY.h")
LCD_TEST.c(35): warning:  #47-D: incompatible redefinition of macro "JOY_RIGHT" (declared at line 20 of "board_files/JOY.h")
LCD_TEST.c(36): warning:  #47-D: incompatible redefinition of macro "JOY_LEFT" (declared at line 19 of "board_files/JOY.h")
LCD_TEST.c(162): warning:  #550-D: variable "err" was set but never used
LCD_TEST.c(181): warning:  #550-D: variable "err" was set but never used
LCD_TEST.c(198): warning:  #550-D: variable "err" was set but never used
LCD_TEST.c(240): warning:  #167-D: argument of type "unsigned char *" is incompatible with parameter of type "char *restrict"
LCD_TEST.c(222): warning:  #550-D: variable "err" was set but never used
LCD_TEST.c(226): warning:  #550-D: variable "offset" was set but never used
LCD_TEST.c(279): warning:  #550-D: variable "err" was set but never used
LCD_TEST.c(301): warning:  #550-D: variable "err" was set but never used
LCD_TEST.c(463): warning:  #223-D: function "KBD_GetKeys" declared implicitly
LCD_TEST.c(455): warning:  #177-D: variable "sec" was declared but never referenced
LCD_TEST.c(479): warning:  #550-D: variable "err" was set but never used
LCD_TEST.c(574): warning:  #223-D: function "KBD_Init" declared implicitly
LCD_TEST.c(591): warning:  #223-D: function "memcpy" declared implicitly
compiling JOY.c...
compiling LED.c...
compiling Serial.c...
compiling GLCD_16bitIF_STM32F2xx.c...
compiling I2C_STM32F2xx.c...
compiling system_stm32f2xx.c...
compiling KBD.c...
compiling sram.c...
compiling Display.c...
Time.h(11): warning:  #1-D: last line of file ends without a newline
Text.h(16): warning:  #1-D: last line of file ends without a newline
Display.h(20): warning:  #1295-D: Deprecated declaration drawDeleteConf - give arg types
Display.h(23): warning:  #1-D: last line of file ends without a newline
Display.c(13): warning:  #177-D: variable "i" was declared but never referenced
Display.c(14): warning:  #177-D: variable "string" was declared but never referenced
Display.c(38): warning:  #167-D: argument of type "char *" is incompatible with parameter of type "unsigned char *"
Display.c(39): warning:  #167-D: argument of type "char *" is incompatible with parameter of type "unsigned char *"
Display.c(40): warning:  #167-D: argument of type "char *" is incompatible with parameter of type "unsigned char *"
Display.c(41): warning:  #940-D: missing return statement at end of non-void function "drawDeleteConf"
Display.c(115): warning:  #223-D: function "sprintf" declared implicitly
Display.c(119): warning:  #1-D: last line of file ends without a newline
Display.c(47): warning:  #177-D: variable "msgOffset" was declared but never referenced
Display.c(49): warning:  #550-D: variable "err" was set but never used
compiling RTX_Conf_CM.c...
RTX_Conf_CM.c(165): warning:  #550-D: variable "err_task" was set but never used
linking...
project.axf: Error: L6200E: Symbol DisplayEvents multiply defined (by display.o and lcd_test.o).
Target not created
Build target 'Target 1'
compiling LCD_TEST.c...
Time.h(11): warning:  #1-D: last line of file ends without a newline
Text.h(16): warning:  #1-D: last line of file ends without a newline
Display.h(20): warning:  #1295-D: Deprecated declaration drawDeleteConf - give arg types
Display.h(23): warning:  #1-D: last line of file ends without a newline
LCD_TEST.c(33): warning:  #47-D: incompatible redefinition of macro "JOY_UP" (declared at line 22 of "board_files/JOY.h")
LCD_TEST.c(34): warning:  #47-D: incompatible redefinition of macro "JOY_DOWN" (declared at line 23 of "board_files/JOY.h")
LCD_TEST.c(35): warning:  #47-D: incompatible redefinition of macro "JOY_RIGHT" (declared at line 20 of "board_files/JOY.h")
LCD_TEST.c(36): warning:  #47-D: incompatible redefinition of macro "JOY_LEFT" (declared at line 19 of "board_files/JOY.h")
LCD_TEST.c(162): warning:  #550-D: variable "err" was set but never used
LCD_TEST.c(181): warning:  #550-D: variable "err" was set but never used
LCD_TEST.c(198): warning:  #550-D: variable "err" was set but never used
LCD_TEST.c(240): warning:  #167-D: argument of type "unsigned char *" is incompatible with parameter of type "char *restrict"
LCD_TEST.c(222): warning:  #550-D: variable "err" was set but never used
LCD_TEST.c(226): warning:  #550-D: variable "offset" was set but never used
LCD_TEST.c(279): warning:  #550-D: variable "err" was set but never used
LCD_TEST.c(301): warning:  #550-D: variable "err" was set but never used
LCD_TEST.c(463): warning:  #223-D: function "KBD_GetKeys" declared implicitly
LCD_TEST.c(455): warning:  #177-D: variable "sec" was declared but never referenced
LCD_TEST.c(479): warning:  #550-D: variable "err" was set but never used
LCD_TEST.c(574): warning:  #223-D: function "KBD_Init" declared implicitly
LCD_TEST.c(591): warning:  #223-D: function "memcpy" declared implicitly
compiling Display.c...
Time.h(11): warning:  #1-D: last line of file ends without a newline
Text.h(16): warning:  #1-D: last line of file ends without a newline
Display.h(20): warning:  #1295-D: Deprecated declaration drawDeleteConf - give arg types
Display.h(23): warning:  #1-D: last line of file ends without a newline
Display.c(13): warning:  #177-D: variable "i" was declared but never referenced
Display.c(14): warning:  #177-D: variable "string" was declared but never referenced
Display.c(38): warning:  #167-D: argument of type "char *" is incompatible with parameter of type "unsigned char *"
Display.c(39): warning:  #167-D: argument of type "char *" is incompatible with parameter of type "unsigned char *"
Display.c(40): warning:  #167-D: argument of type "char *" is incompatible with parameter of type "unsigned char *"
Display.c(41): warning:  #940-D: missing return statement at end of non-void function "drawDeleteConf"
Display.c(115): warning:  #223-D: function "sprintf" declared implicitly
Display.c(119): warning:  #1-D: last line of file ends without a newline
Display.c(47): warning:  #177-D: variable "msgOffset" was declared but never referenced
Display.c(49): warning:  #550-D: variable "err" was set but never used
linking...
project.axf: Error: L6200E: Symbol DisplayEvents multiply defined (by display.o and lcd_test.o).
Target not created
Build target 'Target 1'
compiling LCD_TEST.c...
Time.h(11): warning:  #1-D: last line of file ends without a newline
Text.h(16): warning:  #1-D: last line of file ends without a newline
Display.h(20): warning:  #1295-D: Deprecated declaration drawDeleteConf - give arg types
Display.h(23): warning:  #1-D: last line of file ends without a newline
LCD_TEST.c(33): warning:  #47-D: incompatible redefinition of macro "JOY_UP" (declared at line 22 of "board_files/JOY.h")
LCD_TEST.c(34): warning:  #47-D: incompatible redefinition of macro "JOY_DOWN" (declared at line 23 of "board_files/JOY.h")
LCD_TEST.c(35): warning:  #47-D: incompatible redefinition of macro "JOY_RIGHT" (declared at line 20 of "board_files/JOY.h")
LCD_TEST.c(36): warning:  #47-D: incompatible redefinition of macro "JOY_LEFT" (declared at line 19 of "board_files/JOY.h")
LCD_TEST.c(162): warning:  #550-D: variable "err" was set but never used
LCD_TEST.c(181): warning:  #550-D: variable "err" was set but never used
LCD_TEST.c(198): warning:  #550-D: variable "err" was set but never used
LCD_TEST.c(240): warning:  #167-D: argument of type "unsigned char *" is incompatible with parameter of type "char *restrict"
LCD_TEST.c(222): warning:  #550-D: variable "err" was set but never used
LCD_TEST.c(226): warning:  #550-D: variable "offset" was set but never used
LCD_TEST.c(279): warning:  #550-D: variable "err" was set but never used
LCD_TEST.c(301): warning:  #550-D: variable "err" was set but never used
LCD_TEST.c(463): warning:  #223-D: function "KBD_GetKeys" declared implicitly
LCD_TEST.c(455): warning:  #177-D: variable "sec" was declared but never referenced
LCD_TEST.c(479): warning:  #550-D: variable "err" was set but never used
LCD_TEST.c(574): warning:  #223-D: function "KBD_Init" declared implicitly
LCD_TEST.c(591): warning:  #223-D: function "memcpy" declared implicitly
compiling Display.c...
Time.h(11): warning:  #1-D: last line of file ends without a newline
Text.h(16): warning:  #1-D: last line of file ends without a newline
Display.h(20): warning:  #1295-D: Deprecated declaration drawDeleteConf - give arg types
Display.h(23): warning:  #1-D: last line of file ends without a newline
Display.c(13): warning:  #177-D: variable "i" was declared but never referenced
Display.c(14): warning:  #177-D: variable "string" was declared but never referenced
Display.c(38): warning:  #167-D: argument of type "char *" is incompatible with parameter of type "unsigned char *"
Display.c(39): warning:  #167-D: argument of type "char *" is incompatible with parameter of type "unsigned char *"
Display.c(40): warning:  #167-D: argument of type "char *" is incompatible with parameter of type "unsigned char *"
Display.c(41): warning:  #940-D: missing return statement at end of non-void function "drawDeleteConf"
Display.c(115): warning:  #223-D: function "sprintf" declared implicitly
Display.c(119): warning:  #1-D: last line of file ends without a newline
Display.c(47): warning:  #177-D: variable "msgOffset" was declared but never referenced
Display.c(49): warning:  #550-D: variable "err" was set but never used
linking...
Program Size: Code=14280 RO-data=7052 RW-data=164 ZI-data=15956  
"project.axf" - 0 Error(s), 35 Warning(s).
Load "C:\\Users\\student\\Desktop\\finalProject - Pretty\\project.AXF" 
Erase Done.
Programming Done.
Verify OK.
Build target 'Target 1'
compiling LCD_TEST.c...
Time.h(11): warning:  #1-D: last line of file ends without a newline
Text.h(16): warning:  #1-D: last line of file ends without a newline
Display.h(21): warning:  #1295-D: Deprecated declaration drawDeleteConf - give arg types
Display.h(26): warning:  #1-D: last line of file ends without a newline
LCD_TEST.c(33): warning:  #47-D: incompatible redefinition of macro "JOY_UP" (declared at line 22 of "board_files/JOY.h")
LCD_TEST.c(34): warning:  #47-D: incompatible redefinition of macro "JOY_DOWN" (declared at line 23 of "board_files/JOY.h")
LCD_TEST.c(35): warning:  #47-D: incompatible redefinition of macro "JOY_RIGHT" (declared at line 20 of "board_files/JOY.h")
LCD_TEST.c(36): warning:  #47-D: incompatible redefinition of macro "JOY_LEFT" (declared at line 19 of "board_files/JOY.h")
LCD_TEST.c(162): warning:  #550-D: variable "err" was set but never used
LCD_TEST.c(181): warning:  #550-D: variable "err" was set but never used
LCD_TEST.c(198): warning:  #550-D: variable "err" was set but never used
LCD_TEST.c(226): warning:  #550-D: variable "err" was set but never used
LCD_TEST.c(248): warning:  #550-D: variable "err" was set but never used
LCD_TEST.c(410): warning:  #223-D: function "KBD_GetKeys" declared implicitly
LCD_TEST.c(402): warning:  #177-D: variable "sec" was declared but never referenced
LCD_TEST.c(426): warning:  #550-D: variable "err" was set but never used
LCD_TEST.c(521): warning:  #223-D: function "KBD_Init" declared implicitly
LCD_TEST.c(538): warning:  #223-D: function "memcpy" declared implicitly
compiling Display.c...
Time.h(11): warning:  #1-D: last line of file ends without a newline
Text.h(16): warning:  #1-D: last line of file ends without a newline
Display.h(21): warning:  #1295-D: Deprecated declaration drawDeleteConf - give arg types
Display.h(26): warning:  #1-D: last line of file ends without a newline
Display.c(13): warning:  #177-D: variable "i" was declared but never referenced
Display.c(14): warning:  #177-D: variable "string" was declared but never referenced
Display.c(38): warning:  #167-D: argument of type "char *" is incompatible with parameter of type "unsigned char *"
Display.c(39): warning:  #167-D: argument of type "char *" is incompatible with parameter of type "unsigned char *"
Display.c(40): warning:  #167-D: argument of type "char *" is incompatible with parameter of type "unsigned char *"
Display.c(41): warning:  #940-D: missing return statement at end of non-void function "drawDeleteConf"
Display.c(115): warning:  #223-D: function "sprintf" declared implicitly
Display.c(47): warning:  #177-D: variable "msgOffset" was declared but never referenced
Display.c(49): warning:  #550-D: variable "err" was set but never used
Display.c(134): error:  #20: identifier "mutTime" is undefined
Display.c(136): error:  #20: identifier "time" is undefined
Display.c(141): warning:  #223-D: function "sprintf" declared implicitly
Display.c(157): error:  #20: identifier "msgOffset" is undefined
Display.c(162): error:  #20: identifier "mut_msg_offset" is undefined
Display.c(123): warning:  #550-D: variable "err" was set but never used
Display.c(127): warning:  #550-D: variable "offset" was set but never used
Target not created
Build target 'Target 1'
compiling LCD_TEST.c...
Time.h(11): warning:  #1-D: last line of file ends without a newline
Text.h(16): warning:  #1-D: last line of file ends without a newline
Display.h(21): warning:  #1295-D: Deprecated declaration drawDeleteConf - give arg types
Display.h(26): warning:  #1-D: last line of file ends without a newline
LCD_TEST.c(33): warning:  #47-D: incompatible redefinition of macro "JOY_UP" (declared at line 22 of "board_files/JOY.h")
LCD_TEST.c(34): warning:  #47-D: incompatible redefinition of macro "JOY_DOWN" (declared at line 23 of "board_files/JOY.h")
LCD_TEST.c(35): warning:  #47-D: incompatible redefinition of macro "JOY_RIGHT" (declared at line 20 of "board_files/JOY.h")
LCD_TEST.c(36): warning:  #47-D: incompatible redefinition of macro "JOY_LEFT" (declared at line 19 of "board_files/JOY.h")
LCD_TEST.c(162): warning:  #550-D: variable "err" was set but never used
LCD_TEST.c(181): warning:  #550-D: variable "err" was set but never used
LCD_TEST.c(198): warning:  #550-D: variable "err" was set but never used
LCD_TEST.c(226): warning:  #550-D: variable "err" was set but never used
LCD_TEST.c(248): warning:  #550-D: variable "err" was set but never used
LCD_TEST.c(410): warning:  #223-D: function "KBD_GetKeys" declared implicitly
LCD_TEST.c(402): warning:  #177-D: variable "sec" was declared but never referenced
LCD_TEST.c(426): warning:  #550-D: variable "err" was set but never used
LCD_TEST.c(521): warning:  #223-D: function "KBD_Init" declared implicitly
LCD_TEST.c(538): warning:  #223-D: function "memcpy" declared implicitly
compiling Display.c...
Time.h(11): warning:  #1-D: last line of file ends without a newline
Text.h(16): warning:  #1-D: last line of file ends without a newline
Display.h(21): warning:  #1295-D: Deprecated declaration drawDeleteConf - give arg types
Display.h(26): warning:  #1-D: last line of file ends without a newline
Display.c(13): warning:  #177-D: variable "i" was declared but never referenced
Display.c(14): warning:  #177-D: variable "string" was declared but never referenced
Display.c(38): warning:  #167-D: argument of type "char *" is incompatible with parameter of type "unsigned char *"
Display.c(39): warning:  #167-D: argument of type "char *" is incompatible with parameter of type "unsigned char *"
Display.c(40): warning:  #167-D: argument of type "char *" is incompatible with parameter of type "unsigned char *"
Display.c(41): warning:  #940-D: missing return statement at end of non-void function "drawDeleteConf"
Display.c(115): warning:  #223-D: function "sprintf" declared implicitly
Display.c(47): warning:  #177-D: variable "msgOffset" was declared but never referenced
Display.c(49): warning:  #550-D: variable "err" was set but never used
Display.c(134): error:  #20: identifier "mutTime" is undefined
Display.c(136): error:  #20: identifier "time" is undefined
Display.c(141): warning:  #223-D: function "sprintf" declared implicitly
Display.c(123): warning:  #550-D: variable "err" was set but never used
Display.c(127): warning:  #550-D: variable "offset" was set but never used
Target not created
Build target 'Target 1'
compiling LCD_TEST.c...
Time.h(16): warning:  #1-D: last line of file ends without a newline
Text.h(16): warning:  #1-D: last line of file ends without a newline
Display.h(21): warning:  #1295-D: Deprecated declaration drawDeleteConf - give arg types
Display.h(26): warning:  #1-D: last line of file ends without a newline
LCD_TEST.c(33): warning:  #47-D: incompatible redefinition of macro "JOY_UP" (declared at line 22 of "board_files/JOY.h")
LCD_TEST.c(34): warning:  #47-D: incompatible redefinition of macro "JOY_DOWN" (declared at line 23 of "board_files/JOY.h")
LCD_TEST.c(35): warning:  #47-D: incompatible redefinition of macro "JOY_RIGHT" (declared at line 20 of "board_files/JOY.h")
LCD_TEST.c(36): warning:  #47-D: incompatible redefinition of macro "JOY_LEFT" (declared at line 19 of "board_files/JOY.h")
LCD_TEST.c(162): warning:  #550-D: variable "err" was set but never used
LCD_TEST.c(181): warning:  #550-D: variable "err" was set but never used
LCD_TEST.c(198): warning:  #550-D: variable "err" was set but never used
LCD_TEST.c(226): warning:  #550-D: variable "err" was set but never used
LCD_TEST.c(248): warning:  #550-D: variable "err" was set but never used
LCD_TEST.c(410): warning:  #223-D: function "KBD_GetKeys" declared implicitly
LCD_TEST.c(402): warning:  #177-D: variable "sec" was declared but never referenced
LCD_TEST.c(426): warning:  #550-D: variable "err" was set but never used
LCD_TEST.c(521): warning:  #223-D: function "KBD_Init" declared implicitly
LCD_TEST.c(538): warning:  #223-D: function "memcpy" declared implicitly
compiling Display.c...
Time.h(16): warning:  #1-D: last line of file ends without a newline
Text.h(16): warning:  #1-D: last line of file ends without a newline
Display.h(21): warning:  #1295-D: Deprecated declaration drawDeleteConf - give arg types
Display.h(26): warning:  #1-D: last line of file ends without a newline
Display.c(13): warning:  #177-D: variable "i" was declared but never referenced
Display.c(14): warning:  #177-D: variable "string" was declared but never referenced
Display.c(38): warning:  #167-D: argument of type "char *" is incompatible with parameter of type "unsigned char *"
Display.c(39): warning:  #167-D: argument of type "char *" is incompatible with parameter of type "unsigned char *"
Display.c(40): warning:  #167-D: argument of type "char *" is incompatible with parameter of type "unsigned char *"
Display.c(41): warning:  #940-D: missing return statement at end of non-void function "drawDeleteConf"
Display.c(115): warning:  #223-D: function "sprintf" declared implicitly
Display.c(49): warning:  #550-D: variable "err" was set but never used
Display.c(136): error:  #20: identifier "time" is undefined
Display.c(141): warning:  #223-D: function "sprintf" declared implicitly
Display.c(123): warning:  #550-D: variable "err" was set but never used
Display.c(127): warning:  #550-D: variable "offset" was set but never used
Target not created
Build target 'Target 1'
compiling LCD_TEST.c...
Time.h(18): warning:  #1-D: last line of file ends without a newline
Text.h(16): warning:  #1-D: last line of file ends without a newline
Display.h(21): warning:  #1295-D: Deprecated declaration drawDeleteConf - give arg types
Display.h(26): warning:  #1-D: last line of file ends without a newline
LCD_TEST.c(33): warning:  #47-D: incompatible redefinition of macro "JOY_UP" (declared at line 22 of "board_files/JOY.h")
LCD_TEST.c(34): warning:  #47-D: incompatible redefinition of macro "JOY_DOWN" (declared at line 23 of "board_files/JOY.h")
LCD_TEST.c(35): warning:  #47-D: incompatible redefinition of macro "JOY_RIGHT" (declared at line 20 of "board_files/JOY.h")
LCD_TEST.c(36): warning:  #47-D: incompatible redefinition of macro "JOY_LEFT" (declared at line 19 of "board_files/JOY.h")
LCD_TEST.c(162): warning:  #550-D: variable "err" was set but never used
LCD_TEST.c(181): warning:  #550-D: variable "err" was set but never used
LCD_TEST.c(198): warning:  #550-D: variable "err" was set but never used
LCD_TEST.c(226): warning:  #550-D: variable "err" was set but never used
LCD_TEST.c(248): warning:  #550-D: variable "err" was set but never used
LCD_TEST.c(410): warning:  #223-D: function "KBD_GetKeys" declared implicitly
LCD_TEST.c(402): warning:  #177-D: variable "sec" was declared but never referenced
LCD_TEST.c(426): warning:  #550-D: variable "err" was set but never used
LCD_TEST.c(521): warning:  #223-D: function "KBD_Init" declared implicitly
LCD_TEST.c(538): warning:  #223-D: function "memcpy" declared implicitly
compiling Display.c...
Time.h(18): warning:  #1-D: last line of file ends without a newline
Text.h(16): warning:  #1-D: last line of file ends without a newline
Display.h(21): warning:  #1295-D: Deprecated declaration drawDeleteConf - give arg types
Display.h(26): warning:  #1-D: last line of file ends without a newline
Display.c(13): warning:  #177-D: variable "i" was declared but never referenced
Display.c(14): warning:  #177-D: variable "string" was declared but never referenced
Display.c(38): warning:  #167-D: argument of type "char *" is incompatible with parameter of type "unsigned char *"
Display.c(39): warning:  #167-D: argument of type "char *" is incompatible with parameter of type "unsigned char *"
Display.c(40): warning:  #167-D: argument of type "char *" is incompatible with parameter of type "unsigned char *"
Display.c(41): warning:  #940-D: missing return statement at end of non-void function "drawDeleteConf"
Display.c(115): warning:  #223-D: function "sprintf" declared implicitly
Display.c(49): warning:  #550-D: variable "err" was set but never used
Display.c(141): warning:  #223-D: function "sprintf" declared implicitly
Display.c(123): warning:  #550-D: variable "err" was set but never used
Display.c(127): warning:  #550-D: variable "offset" was set but never used
linking...
project.axf: Error: L6200E: Symbol mutTime multiply defined (by display.o and lcd_test.o).
project.axf: Error: L6200E: Symbol time multiply defined (by display.o and lcd_test.o).
Target not created
Clean started: Project: 'project'
   deleting intermediate output files for target 'Target 1'
Build target 'Target 1'
assembling startup_stm32f2xx.s...
compiling LCD_TEST.c...
Time.h(18): warning:  #1-D: last line of file ends without a newline
Text.h(16): warning:  #1-D: last line of file ends without a newline
Display.h(21): warning:  #1295-D: Deprecated declaration drawDeleteConf - give arg types
Display.h(26): warning:  #1-D: last line of file ends without a newline
LCD_TEST.c(33): warning:  #47-D: incompatible redefinition of macro "JOY_UP" (declared at line 22 of "board_files/JOY.h")
LCD_TEST.c(34): warning:  #47-D: incompatible redefinition of macro "JOY_DOWN" (declared at line 23 of "board_files/JOY.h")
LCD_TEST.c(35): warning:  #47-D: incompatible redefinition of macro "JOY_RIGHT" (declared at line 20 of "board_files/JOY.h")
LCD_TEST.c(36): warning:  #47-D: incompatible redefinition of macro "JOY_LEFT" (declared at line 19 of "board_files/JOY.h")
LCD_TEST.c(162): warning:  #550-D: variable "err" was set but never used
LCD_TEST.c(181): warning:  #550-D: variable "err" was set but never used
LCD_TEST.c(198): warning:  #550-D: variable "err" was set but never used
LCD_TEST.c(226): warning:  #550-D: variable "err" was set but never used
LCD_TEST.c(248): warning:  #550-D: variable "err" was set but never used
LCD_TEST.c(410): warning:  #223-D: function "KBD_GetKeys" declared implicitly
LCD_TEST.c(402): warning:  #177-D: variable "sec" was declared but never referenced
LCD_TEST.c(426): warning:  #550-D: variable "err" was set but never used
LCD_TEST.c(521): warning:  #223-D: function "KBD_Init" declared implicitly
LCD_TEST.c(538): warning:  #223-D: function "memcpy" declared implicitly
compiling JOY.c...
compiling LED.c...
compiling Serial.c...
compiling GLCD_16bitIF_STM32F2xx.c...
compiling I2C_STM32F2xx.c...
compiling system_stm32f2xx.c...
compiling KBD.c...
compiling sram.c...
compiling Display.c...
Time.h(18): warning:  #1-D: last line of file ends without a newline
Text.h(16): warning:  #1-D: last line of file ends without a newline
Display.h(21): warning:  #1295-D: Deprecated declaration drawDeleteConf - give arg types
Display.h(26): warning:  #1-D: last line of file ends without a newline
Display.c(13): warning:  #177-D: variable "i" was declared but never referenced
Display.c(14): warning:  #177-D: variable "string" was declared but never referenced
Display.c(38): warning:  #167-D: argument of type "char *" is incompatible with parameter of type "unsigned char *"
Display.c(39): warning:  #167-D: argument of type "char *" is incompatible with parameter of type "unsigned char *"
Display.c(40): warning:  #167-D: argument of type "char *" is incompatible with parameter of type "unsigned char *"
Display.c(41): warning:  #940-D: missing return statement at end of non-void function "drawDeleteConf"
Display.c(115): warning:  #223-D: function "sprintf" declared implicitly
Display.c(49): warning:  #550-D: variable "err" was set but never used
Display.c(141): warning:  #223-D: function "sprintf" declared implicitly
Display.c(123): warning:  #550-D: variable "err" was set but never used
Display.c(127): warning:  #550-D: variable "offset" was set but never used
compiling RTX_Conf_CM.c...
RTX_Conf_CM.c(165): warning:  #550-D: variable "err_task" was set but never used
linking...
project.axf: Error: L6200E: Symbol mutTime multiply defined (by display.o and lcd_test.o).
project.axf: Error: L6200E: Symbol time multiply defined (by display.o and lcd_test.o).
Target not created
Build target 'Target 1'
compiling LCD_TEST.c...
Time.h(18): warning:  #1-D: last line of file ends without a newline
Text.h(16): warning:  #1-D: last line of file ends without a newline
Display.h(24): warning:  #1295-D: Deprecated declaration drawDeleteConf - give arg types
Display.h(29): warning:  #1-D: last line of file ends without a newline
LCD_TEST.c(33): warning:  #47-D: incompatible redefinition of macro "JOY_UP" (declared at line 22 of "board_files/JOY.h")
LCD_TEST.c(34): warning:  #47-D: incompatible redefinition of macro "JOY_DOWN" (declared at line 23 of "board_files/JOY.h")
LCD_TEST.c(35): warning:  #47-D: incompatible redefinition of macro "JOY_RIGHT" (declared at line 20 of "board_files/JOY.h")
LCD_TEST.c(36): warning:  #47-D: incompatible redefinition of macro "JOY_LEFT" (declared at line 19 of "board_files/JOY.h")
LCD_TEST.c(162): warning:  #550-D: variable "err" was set but never used
LCD_TEST.c(181): warning:  #550-D: variable "err" was set but never used
LCD_TEST.c(198): warning:  #550-D: variable "err" was set but never used
LCD_TEST.c(226): warning:  #550-D: variable "err" was set but never used
LCD_TEST.c(248): warning:  #550-D: variable "err" was set but never used
LCD_TEST.c(410): warning:  #223-D: function "KBD_GetKeys" declared implicitly
LCD_TEST.c(402): warning:  #177-D: variable "sec" was declared but never referenced
LCD_TEST.c(426): warning:  #550-D: variable "err" was set but never used
LCD_TEST.c(521): warning:  #223-D: function "KBD_Init" declared implicitly
LCD_TEST.c(538): warning:  #223-D: function "memcpy" declared implicitly
compiling Display.c...
Time.h(18): warning:  #1-D: last line of file ends without a newline
Text.h(16): warning:  #1-D: last line of file ends without a newline
Display.h(24): warning:  #1295-D: Deprecated declaration drawDeleteConf - give arg types
Display.h(29): warning:  #1-D: last line of file ends without a newline
Display.c(13): warning:  #177-D: variable "i" was declared but never referenced
Display.c(14): warning:  #177-D: variable "string" was declared but never referenced
Display.c(38): warning:  #167-D: argument of type "char *" is incompatible with parameter of type "unsigned char *"
Display.c(39): warning:  #167-D: argument of type "char *" is incompatible with parameter of type "unsigned char *"
Display.c(40): warning:  #167-D: argument of type "char *" is incompatible with parameter of type "unsigned char *"
Display.c(41): warning:  #940-D: missing return statement at end of non-void function "drawDeleteConf"
Display.c(56): error:  #20: identifier "mut_msg_ptr" is undefined
Display.c(115): warning:  #223-D: function "sprintf" declared implicitly
Display.c(49): warning:  #550-D: variable "err" was set but never used
Display.c(134): error:  #20: identifier "mutTime" is undefined
Display.c(136): error:  #20: identifier "time" is undefined
Display.c(141): warning:  #223-D: function "sprintf" declared implicitly
Display.c(155): error:  #20: identifier "mut_msg_ptr" is undefined
Display.c(162): error:  #20: identifier "mut_msg_offset" is undefined
Display.c(123): warning:  #550-D: variable "err" was set but never used
Display.c(127): warning:  #550-D: variable "offset" was set but never used
Target not created
Build target 'Target 1'
compiling LCD_TEST.c...
Time.h(18): warning:  #1-D: last line of file ends without a newline
Text.h(16): warning:  #1-D: last line of file ends without a newline
Display.h(28): warning:  #1295-D: Deprecated declaration drawDeleteConf - give arg types
Display.h(33): warning:  #1-D: last line of file ends without a newline
LCD_TEST.c(33): warning:  #47-D: incompatible redefinition of macro "JOY_UP" (declared at line 22 of "board_files/JOY.h")
LCD_TEST.c(34): warning:  #47-D: incompatible redefinition of macro "JOY_DOWN" (declared at line 23 of "board_files/JOY.h")
LCD_TEST.c(35): warning:  #47-D: incompatible redefinition of macro "JOY_RIGHT" (declared at line 20 of "board_files/JOY.h")
LCD_TEST.c(36): warning:  #47-D: incompatible redefinition of macro "JOY_LEFT" (declared at line 19 of "board_files/JOY.h")
LCD_TEST.c(162): warning:  #550-D: variable "err" was set but never used
LCD_TEST.c(181): warning:  #550-D: variable "err" was set but never used
LCD_TEST.c(198): warning:  #550-D: variable "err" was set but never used
LCD_TEST.c(226): warning:  #550-D: variable "err" was set but never used
LCD_TEST.c(248): warning:  #550-D: variable "err" was set but never used
LCD_TEST.c(410): warning:  #223-D: function "KBD_GetKeys" declared implicitly
LCD_TEST.c(402): warning:  #177-D: variable "sec" was declared but never referenced
LCD_TEST.c(426): warning:  #550-D: variable "err" was set but never used
LCD_TEST.c(521): warning:  #223-D: function "KBD_Init" declared implicitly
LCD_TEST.c(538): warning:  #223-D: function "memcpy" declared implicitly
compiling Display.c...
Time.h(18): warning:  #1-D: last line of file ends without a newline
Text.h(16): warning:  #1-D: last line of file ends without a newline
Display.h(28): warning:  #1295-D: Deprecated declaration drawDeleteConf - give arg types
Display.h(33): warning:  #1-D: last line of file ends without a newline
Display.c(13): warning:  #177-D: variable "i" was declared but never referenced
Display.c(14): warning:  #177-D: variable "string" was declared but never referenced
Display.c(38): warning:  #167-D: argument of type "char *" is incompatible with parameter of type "unsigned char *"
Display.c(39): warning:  #167-D: argument of type "char *" is incompatible with parameter of type "unsigned char *"
Display.c(40): warning:  #167-D: argument of type "char *" is incompatible with parameter of type "unsigned char *"
Display.c(41): warning:  #940-D: missing return statement at end of non-void function "drawDeleteConf"
Display.c(115): warning:  #223-D: function "sprintf" declared implicitly
Display.c(49): warning:  #550-D: variable "err" was set but never used
Display.c(136): error:  #20: identifier "time" is undefined
Display.c(141): warning:  #223-D: function "sprintf" declared implicitly
Display.c(123): warning:  #550-D: variable "err" was set but never used
Display.c(127): warning:  #550-D: variable "offset" was set but never used
Target not created
Build target 'Target 1'
compiling LCD_TEST.c...
Time.h(18): warning:  #1-D: last line of file ends without a newline
Text.h(16): warning:  #1-D: last line of file ends without a newline
Display.h(29): warning:  #1295-D: Deprecated declaration drawDeleteConf - give arg types
Display.h(34): warning:  #1-D: last line of file ends without a newline
LCD_TEST.c(33): warning:  #47-D: incompatible redefinition of macro "JOY_UP" (declared at line 22 of "board_files/JOY.h")
LCD_TEST.c(34): warning:  #47-D: incompatible redefinition of macro "JOY_DOWN" (declared at line 23 of "board_files/JOY.h")
LCD_TEST.c(35): warning:  #47-D: incompatible redefinition of macro "JOY_RIGHT" (declared at line 20 of "board_files/JOY.h")
LCD_TEST.c(36): warning:  #47-D: incompatible redefinition of macro "JOY_LEFT" (declared at line 19 of "board_files/JOY.h")
LCD_TEST.c(162): warning:  #550-D: variable "err" was set but never used
LCD_TEST.c(181): warning:  #550-D: variable "err" was set but never used
LCD_TEST.c(198): warning:  #550-D: variable "err" was set but never used
LCD_TEST.c(226): warning:  #550-D: variable "err" was set but never used
LCD_TEST.c(248): warning:  #550-D: variable "err" was set but never used
LCD_TEST.c(410): warning:  #223-D: function "KBD_GetKeys" declared implicitly
LCD_TEST.c(402): warning:  #177-D: variable "sec" was declared but never referenced
LCD_TEST.c(426): warning:  #550-D: variable "err" was set but never used
LCD_TEST.c(521): warning:  #223-D: function "KBD_Init" declared implicitly
LCD_TEST.c(538): warning:  #223-D: function "memcpy" declared implicitly
compiling Display.c...
Time.h(18): warning:  #1-D: last line of file ends without a newline
Text.h(16): warning:  #1-D: last line of file ends without a newline
Display.h(29): warning:  #1295-D: Deprecated declaration drawDeleteConf - give arg types
Display.h(34): warning:  #1-D: last line of file ends without a newline
Display.c(13): warning:  #177-D: variable "i" was declared but never referenced
Display.c(14): warning:  #177-D: variable "string" was declared but never referenced
Display.c(38): warning:  #167-D: argument of type "char *" is incompatible with parameter of type "unsigned char *"
Display.c(39): warning:  #167-D: argument of type "char *" is incompatible with parameter of type "unsigned char *"
Display.c(40): warning:  #167-D: argument of type "char *" is incompatible with parameter of type "unsigned char *"
Display.c(41): warning:  #940-D: missing return statement at end of non-void function "drawDeleteConf"
Display.c(115): warning:  #223-D: function "sprintf" declared implicitly
Display.c(49): warning:  #550-D: variable "err" was set but never used
Display.c(141): warning:  #223-D: function "sprintf" declared implicitly
Display.c(123): warning:  #550-D: variable "err" was set but never used
Display.c(127): warning:  #550-D: variable "offset" was set but never used
linking...
Program Size: Code=14292 RO-data=7052 RW-data=164 ZI-data=15956  
"project.axf" - 0 Error(s), 33 Warning(s).
Load "C:\\Users\\student\\Desktop\\finalProject - Pretty\\project.AXF" 
Erase Done.
Programming Done.
Verify OK.
Build target 'Target 1'
compiling LCD_TEST.c...
Time.h(4): error:  #5: cannot open source input file "RTX.h": No such file or directory
compiling Display.c...
Time.h(4): error:  #5: cannot open source input file "RTX.h": No such file or directory
Target not created
Build target 'Target 1'
compiling LCD_TEST.c...
Time.h(17): warning:  #1-D: last line of file ends without a newline
Text.h(16): warning:  #1-D: last line of file ends without a newline
Display.h(29): warning:  #1295-D: Deprecated declaration drawDeleteConf - give arg types
Display.h(34): warning:  #1-D: last line of file ends without a newline
LCD_TEST.c(33): warning:  #47-D: incompatible redefinition of macro "JOY_UP" (declared at line 22 of "board_files/JOY.h")
LCD_TEST.c(34): warning:  #47-D: incompatible redefinition of macro "JOY_DOWN" (declared at line 23 of "board_files/JOY.h")
LCD_TEST.c(35): warning:  #47-D: incompatible redefinition of macro "JOY_RIGHT" (declared at line 20 of "board_files/JOY.h")
LCD_TEST.c(36): warning:  #47-D: incompatible redefinition of macro "JOY_LEFT" (declared at line 19 of "board_files/JOY.h")
LCD_TEST.c(159): warning:  #550-D: variable "err" was set but never used
LCD_TEST.c(178): warning:  #550-D: variable "err" was set but never used
LCD_TEST.c(195): warning:  #550-D: variable "err" was set but never used
LCD_TEST.c(223): warning:  #550-D: variable "err" was set but never used
LCD_TEST.c(245): warning:  #550-D: variable "err" was set but never used
LCD_TEST.c(407): warning:  #223-D: function "KBD_GetKeys" declared implicitly
LCD_TEST.c(399): warning:  #177-D: variable "sec" was declared but never referenced
LCD_TEST.c(423): warning:  #550-D: variable "err" was set but never used
LCD_TEST.c(518): warning:  #223-D: function "KBD_Init" declared implicitly
LCD_TEST.c(535): warning:  #223-D: function "memcpy" declared implicitly
compiling Display.c...
Time.h(17): warning:  #1-D: last line of file ends without a newline
Text.h(16): warning:  #1-D: last line of file ends without a newline
Display.h(29): warning:  #1295-D: Deprecated declaration drawDeleteConf - give arg types
Display.h(34): warning:  #1-D: last line of file ends without a newline
Display.c(13): warning:  #177-D: variable "i" was declared but never referenced
Display.c(14): warning:  #177-D: variable "string" was declared but never referenced
Display.c(38): warning:  #167-D: argument of type "char *" is incompatible with parameter of type "unsigned char *"
Display.c(39): warning:  #167-D: argument of type "char *" is incompatible with parameter of type "unsigned char *"
Display.c(40): warning:  #167-D: argument of type "char *" is incompatible with parameter of type "unsigned char *"
Display.c(41): warning:  #940-D: missing return statement at end of non-void function "drawDeleteConf"
Display.c(115): warning:  #223-D: function "sprintf" declared implicitly
Display.c(49): warning:  #550-D: variable "err" was set but never used
Display.c(141): warning:  #223-D: function "sprintf" declared implicitly
Display.c(123): warning:  #550-D: variable "err" was set but never used
Display.c(127): warning:  #550-D: variable "offset" was set but never used
linking...
Program Size: Code=14292 RO-data=7052 RW-data=164 ZI-data=15956  
"project.axf" - 0 Error(s), 33 Warning(s).
Build target 'Target 1'
compiling Display.c...
Time.h(17): warning:  #1-D: last line of file ends without a newline
Text.h(16): warning:  #1-D: last line of file ends without a newline
Display.h(29): warning:  #1295-D: Deprecated declaration drawDeleteConf - give arg types
Display.h(34): warning:  #1-D: last line of file ends without a newline
Display.c(13): warning:  #177-D: variable "string" was declared but never referenced
Display.c(37): warning:  #167-D: argument of type "char *" is incompatible with parameter of type "unsigned char *"
Display.c(38): warning:  #167-D: argument of type "char *" is incompatible with parameter of type "unsigned char *"
Display.c(39): warning:  #167-D: argument of type "char *" is incompatible with parameter of type "unsigned char *"
Display.c(40): warning:  #940-D: missing return statement at end of non-void function "drawDeleteConf"
Display.c(114): warning:  #223-D: function "sprintf" declared implicitly
Display.c(48): warning:  #550-D: variable "err" was set but never used
Display.c(140): warning:  #223-D: function "sprintf" declared implicitly
Display.c(122): warning:  #550-D: variable "err" was set but never used
Display.c(126): warning:  #550-D: variable "offset" was set but never used
linking...
Program Size: Code=14292 RO-data=7052 RW-data=164 ZI-data=15956  
"project.axf" - 0 Error(s), 14 Warning(s).
Build target 'Target 1'
compiling LCD_TEST.c...
Time.h(17): warning:  #1-D: last line of file ends without a newline
Text.h(16): warning:  #1-D: last line of file ends without a newline
Display.h(34): warning:  #1-D: last line of file ends without a newline
LCD_TEST.c(33): warning:  #47-D: incompatible redefinition of macro "JOY_UP" (declared at line 22 of "board_files/JOY.h")
LCD_TEST.c(34): warning:  #47-D: incompatible redefinition of macro "JOY_DOWN" (declared at line 23 of "board_files/JOY.h")
LCD_TEST.c(35): warning:  #47-D: incompatible redefinition of macro "JOY_RIGHT" (declared at line 20 of "board_files/JOY.h")
LCD_TEST.c(36): warning:  #47-D: incompatible redefinition of macro "JOY_LEFT" (declared at line 19 of "board_files/JOY.h")
LCD_TEST.c(159): warning:  #550-D: variable "err" was set but never used
LCD_TEST.c(178): warning:  #550-D: variable "err" was set but never used
LCD_TEST.c(195): warning:  #550-D: variable "err" was set but never used
LCD_TEST.c(223): warning:  #550-D: variable "err" was set but never used
LCD_TEST.c(245): warning:  #550-D: variable "err" was set but never used
LCD_TEST.c(407): warning:  #223-D: function "KBD_GetKeys" declared implicitly
LCD_TEST.c(399): warning:  #177-D: variable "sec" was declared but never referenced
LCD_TEST.c(423): warning:  #550-D: variable "err" was set but never used
LCD_TEST.c(518): warning:  #223-D: function "KBD_Init" declared implicitly
LCD_TEST.c(535): warning:  #223-D: function "memcpy" declared implicitly
compiling Display.c...
Time.h(17): warning:  #1-D: last line of file ends without a newline
Text.h(16): warning:  #1-D: last line of file ends without a newline
Display.h(34): warning:  #1-D: last line of file ends without a newline
Display.c(34): warning:  #167-D: argument of type "char *" is incompatible with parameter of type "unsigned char *"
Display.c(35): warning:  #167-D: argument of type "char *" is incompatible with parameter of type "unsigned char *"
Display.c(36): warning:  #167-D: argument of type "char *" is incompatible with parameter of type "unsigned char *"
Display.c(37): warning:  #940-D: missing return statement at end of non-void function "drawDeleteConf"
Display.c(111): warning:  #223-D: function "sprintf" declared implicitly
Display.c(45): warning:  #550-D: variable "err" was set but never used
Display.c(137): warning:  #223-D: function "sprintf" declared implicitly
Display.c(152): error:  #20: identifier "offset" is undefined
Display.c(119): warning:  #550-D: variable "err" was set but never used
Target not created
Build target 'Target 1'
compiling Display.c...
Time.h(17): warning:  #1-D: last line of file ends without a newline
Text.h(16): warning:  #1-D: last line of file ends without a newline
Display.h(34): warning:  #1-D: last line of file ends without a newline
Display.c(34): warning:  #167-D: argument of type "char *" is incompatible with parameter of type "unsigned char *"
Display.c(35): warning:  #167-D: argument of type "char *" is incompatible with parameter of type "unsigned char *"
Display.c(36): warning:  #167-D: argument of type "char *" is incompatible with parameter of type "unsigned char *"
Display.c(37): warning:  #940-D: missing return statement at end of non-void function "drawDeleteConf"
Display.c(111): warning:  #223-D: function "sprintf" declared implicitly
Display.c(45): warning:  #550-D: variable "err" was set but never used
Display.c(137): warning:  #223-D: function "sprintf" declared implicitly
Display.c(119): warning:  #550-D: variable "err" was set but never used
Display.c(123): warning:  #550-D: variable "offset" was set but never used
linking...
Program Size: Code=14292 RO-data=7052 RW-data=164 ZI-data=15956  
"project.axf" - 0 Error(s), 12 Warning(s).
Build target 'Target 1'
compiling LCD_TEST.c...
Time.h(17): warning:  #1-D: last line of file ends without a newline
Text.h(16): warning:  #1-D: last line of file ends without a newline
Display.h(34): warning:  #1-D: last line of file ends without a newline
LCD_TEST.c(33): warning:  #47-D: incompatible redefinition of macro "JOY_UP" (declared at line 22 of "board_files/JOY.h")
LCD_TEST.c(34): warning:  #47-D: incompatible redefinition of macro "JOY_DOWN" (declared at line 23 of "board_files/JOY.h")
LCD_TEST.c(35): warning:  #47-D: incompatible redefinition of macro "JOY_RIGHT" (declared at line 20 of "board_files/JOY.h")
LCD_TEST.c(36): warning:  #47-D: incompatible redefinition of macro "JOY_LEFT" (declared at line 19 of "board_files/JOY.h")
LCD_TEST.c(159): warning:  #550-D: variable "err" was set but never used
LCD_TEST.c(178): warning:  #550-D: variable "err" was set but never used
LCD_TEST.c(195): warning:  #550-D: variable "err" was set but never used
LCD_TEST.c(223): warning:  #550-D: variable "err" was set but never used
LCD_TEST.c(245): warning:  #550-D: variable "err" was set but never used
LCD_TEST.c(407): warning:  #223-D: function "KBD_GetKeys" declared implicitly
LCD_TEST.c(399): warning:  #177-D: variable "sec" was declared but never referenced
LCD_TEST.c(423): warning:  #550-D: variable "err" was set but never used
LCD_TEST.c(518): warning:  #223-D: function "KBD_Init" declared implicitly
LCD_TEST.c(535): warning:  #223-D: function "memcpy" declared implicitly
compiling Display.c...
Time.h(17): warning:  #1-D: last line of file ends without a newline
Text.h(16): warning:  #1-D: last line of file ends without a newline
Display.h(34): warning:  #1-D: last line of file ends without a newline
Display.c(34): warning:  #167-D: argument of type "char *" is incompatible with parameter of type "unsigned char *"
Display.c(35): warning:  #167-D: argument of type "char *" is incompatible with parameter of type "unsigned char *"
Display.c(36): warning:  #167-D: argument of type "char *" is incompatible with parameter of type "unsigned char *"
Display.c(111): warning:  #223-D: function "sprintf" declared implicitly
Display.c(45): warning:  #550-D: variable "err" was set but never used
Display.c(137): warning:  #223-D: function "sprintf" declared implicitly
Display.c(119): warning:  #550-D: variable "err" was set but never used
Display.c(123): warning:  #550-D: variable "offset" was set but never used
linking...
Program Size: Code=14292 RO-data=7052 RW-data=164 ZI-data=15956  
"project.axf" - 0 Error(s), 28 Warning(s).
Load "C:\\Users\\student\\Desktop\\finalProject - Pretty\\project.AXF" 
Erase Done.
Programming Done.
Verify OK.
Build target 'Target 1'
compiling LCD_TEST.c...
Time.h(17): warning:  #1-D: last line of file ends without a newline
Text.h(16): warning:  #1-D: last line of file ends without a newline
Display.h(34): warning:  #1-D: last line of file ends without a newline
Inputs.h(21): warning:  #1-D: last line of file ends without a newline
LCD_TEST.c(33): warning:  #47-D: incompatible redefinition of macro "JOY_UP" (declared at line 22 of "board_files/JOY.h")
LCD_TEST.c(34): warning:  #47-D: incompatible redefinition of macro "JOY_DOWN" (declared at line 23 of "board_files/JOY.h")
LCD_TEST.c(35): warning:  #47-D: incompatible redefinition of macro "JOY_RIGHT" (declared at line 20 of "board_files/JOY.h")
LCD_TEST.c(36): warning:  #47-D: incompatible redefinition of macro "JOY_LEFT" (declared at line 19 of "board_files/JOY.h")
LCD_TEST.c(162): warning:  #223-D: function "KBD_GetKeys" declared implicitly
LCD_TEST.c(154): warning:  #177-D: variable "sec" was declared but never referenced
LCD_TEST.c(178): warning:  #550-D: variable "err" was set but never used
LCD_TEST.c(273): warning:  #223-D: function "KBD_Init" declared implicitly
LCD_TEST.c(290): warning:  #223-D: function "memcpy" declared implicitly
compiling Inputs.c...
board_files/JOY.h(28): error:  #20: identifier "uint32_t" is undefined
Inputs.h(21): warning:  #1-D: last line of file ends without a newline
Inputs.c(6): error:  #20: identifier "uint32_t" is undefined
Inputs.c(9): error:  #20: identifier "KEY_WAKEUP" is undefined
Inputs.c(9): error:  #20: identifier "KEY_TAMPER" is undefined
Inputs.c(15): error:  #20: identifier "semIncHour" is undefined
Inputs.c(19): error:  #20: identifier "semIncMin" is undefined
Inputs.c(5): warning:  #550-D: variable "err" was set but never used
Inputs.c(28): error:  #20: identifier "uint32_t" is undefined
Inputs.c(61): error:  #20: identifier "mut_msg_offset" is undefined
Inputs.c(63): error:  #20: identifier "msgOffset" is undefined
Inputs.c(63): error:  #20: identifier "MESSAGE_OFFSET_INCREMENT" is undefined
Inputs.c(67): error:  #20: identifier "msgOffset" is undefined
Inputs.c(67): error:  #20: identifier "MESSAGE_OFFSET_INCREMENT" is undefined
Inputs.c(72): error:  #20: identifier "DIS_EVT_MSG_OFFSET" is undefined
Inputs.c(72): error:  #20: identifier "disTaskId" is undefined
Inputs.c(78): error:  #20: identifier "mut_msg_ptr" is undefined
Inputs.c(81): error:  #20: identifier "displayedMessage" is undefined
Inputs.c(83): error:  #20: identifier "tailMessage" is undefined
Inputs.c(85): error:  #20: identifier "DIS_EVT_CLR_NOTIF" is undefined
Inputs.c(90): error:  #20: identifier "messageCount" is undefined
Inputs.c(90): error:  #20: identifier "displayedMessage" is undefined
Inputs.c(90): error:  #20: identifier "LIST_HEAD" is undefined
Inputs.c(102): error:  #20: identifier "DIS_EVT_MSG_PTR" is undefined
Inputs.c(112): error:  #20: identifier "displayedMessage" is undefined
Inputs.c(112): error:  #20: identifier "LIST_HEAD" is undefined
Inputs.c(121): error:  #20: identifier "DIS_EVT_CONF" is undefined
Inputs.c(142): warning:  #223-D: function "deleteMessage" declared implicitly
Inputs.c(144): error:  #20: identifier "tailMessage" is undefined
Inputs.c(146): error:  #20: identifier "DIS_EVT_CLR_NOTIF" is undefined
Inputs.c(27): warning:  #550-D: variable "err" was set but never used
Target not created
Build target 'Target 1'
compiling LCD_TEST.c...
Time.h(17): warning:  #1-D: last line of file ends without a newline
Text.h(16): warning:  #1-D: last line of file ends without a newline
Display.h(34): warning:  #1-D: last line of file ends without a newline
Inputs.h(22): warning:  #1-D: last line of file ends without a newline
LCD_TEST.c(33): warning:  #47-D: incompatible redefinition of macro "JOY_UP" (declared at line 22 of "board_files/JOY.h")
LCD_TEST.c(34): warning:  #47-D: incompatible redefinition of macro "JOY_DOWN" (declared at line 23 of "board_files/JOY.h")
LCD_TEST.c(35): warning:  #47-D: incompatible redefinition of macro "JOY_RIGHT" (declared at line 20 of "board_files/JOY.h")
LCD_TEST.c(36): warning:  #47-D: incompatible redefinition of macro "JOY_LEFT" (declared at line 19 of "board_files/JOY.h")
LCD_TEST.c(162): warning:  #223-D: function "KBD_GetKeys" declared implicitly
LCD_TEST.c(154): warning:  #177-D: variable "sec" was declared but never referenced
LCD_TEST.c(178): warning:  #550-D: variable "err" was set but never used
LCD_TEST.c(273): warning:  #223-D: function "KBD_Init" declared implicitly
LCD_TEST.c(290): warning:  #223-D: function "memcpy" declared implicitly
compiling Inputs.c...
board_files/JOY.h(28): error:  #20: identifier "uint32_t" is undefined
Time.h(17): warning:  #1-D: last line of file ends without a newline
Text.h(16): warning:  #1-D: last line of file ends without a newline
Display.h(34): warning:  #1-D: last line of file ends without a newline
Inputs.h(22): warning:  #1-D: last line of file ends without a newline
Inputs.c(9): error:  #20: identifier "KEY_WAKEUP" is undefined
Inputs.c(9): error:  #20: identifier "KEY_TAMPER" is undefined
Inputs.c(15): error:  #20: identifier "semIncHour" is undefined
Inputs.c(19): error:  #20: identifier "semIncMin" is undefined
Inputs.c(5): warning:  #550-D: variable "err" was set but never used
Inputs.c(63): error:  #20: identifier "MESSAGE_OFFSET_INCREMENT" is undefined
Inputs.c(67): error:  #20: identifier "MESSAGE_OFFSET_INCREMENT" is undefined
Inputs.c(72): error:  #20: identifier "disTaskId" is undefined
Inputs.c(83): error:  #20: identifier "tailMessage" is undefined
Inputs.c(90): error:  #20: identifier "messageCount" is undefined
Inputs.c(90): error:  #20: identifier "LIST_HEAD" is undefined
Inputs.c(112): error:  #20: identifier "LIST_HEAD" is undefined
Inputs.c(142): warning:  #223-D: function "deleteMessage" declared implicitly
Inputs.c(142): error:  #513: a value of type "int" cannot be assigned to an entity of type "struct TextMessage *"
Inputs.c(144): error:  #20: identifier "tailMessage" is undefined
Inputs.c(27): warning:  #550-D: variable "err" was set but never used
Target not created
Build target 'Target 1'
compiling LCD_TEST.c...
Time.h(17): warning:  #1-D: last line of file ends without a newline
Text.h(16): warning:  #1-D: last line of file ends without a newline
Display.h(34): warning:  #1-D: last line of file ends without a newline
Inputs.h(24): warning:  #1-D: last line of file ends without a newline
LCD_TEST.c(33): warning:  #47-D: incompatible redefinition of macro "JOY_UP" (declared at line 22 of "board_files/JOY.h")
LCD_TEST.c(34): warning:  #47-D: incompatible redefinition of macro "JOY_DOWN" (declared at line 23 of "board_files/JOY.h")
LCD_TEST.c(35): warning:  #47-D: incompatible redefinition of macro "JOY_RIGHT" (declared at line 20 of "board_files/JOY.h")
LCD_TEST.c(36): warning:  #47-D: incompatible redefinition of macro "JOY_LEFT" (declared at line 19 of "board_files/JOY.h")
LCD_TEST.c(162): warning:  #223-D: function "KBD_GetKeys" declared implicitly
LCD_TEST.c(154): warning:  #177-D: variable "sec" was declared but never referenced
LCD_TEST.c(178): warning:  #550-D: variable "err" was set but never used
LCD_TEST.c(273): warning:  #223-D: function "KBD_Init" declared implicitly
LCD_TEST.c(290): warning:  #223-D: function "memcpy" declared implicitly
compiling Inputs.c...
board_files/JOY.h(28): error:  #20: identifier "uint32_t" is undefined
Time.h(17): warning:  #1-D: last line of file ends without a newline
Text.h(16): warning:  #1-D: last line of file ends without a newline
Display.h(34): warning:  #1-D: last line of file ends without a newline
Inputs.h(24): warning:  #1-D: last line of file ends without a newline
Inputs.c(9): error:  #20: identifier "KEY_WAKEUP" is undefined
Inputs.c(9): error:  #20: identifier "KEY_TAMPER" is undefined
Inputs.c(15): error:  #20: identifier "semIncHour" is undefined
Inputs.c(19): error:  #20: identifier "semIncMin" is undefined
Inputs.c(5): warning:  #550-D: variable "err" was set but never used
Inputs.c(72): error:  #20: identifier "disTaskId" is undefined
Inputs.c(83): error:  #20: identifier "tailMessage" is undefined
Inputs.c(90): error:  #20: identifier "messageCount" is undefined
Inputs.c(90): error:  #20: identifier "LIST_HEAD" is undefined
Inputs.c(112): error:  #20: identifier "LIST_HEAD" is undefined
Inputs.c(142): warning:  #223-D: function "deleteMessage" declared implicitly
Inputs.c(142): error:  #513: a value of type "int" cannot be assigned to an entity of type "struct TextMessage *"
Inputs.c(144): error:  #20: identifier "tailMessage" is undefined
Inputs.c(27): warning:  #550-D: variable "err" was set but never used
Target not created
Build target 'Target 1'
compiling LCD_TEST.c...
Time.h(17): warning:  #1-D: last line of file ends without a newline
Text.h(16): warning:  #1-D: last line of file ends without a newline
Display.h(34): warning:  #1-D: last line of file ends without a newline
Inputs.h(13): warning:  #47-D: incompatible redefinition of macro "JOY_UP" (declared at line 22 of "board_files/JOY.h")
Inputs.h(14): warning:  #47-D: incompatible redefinition of macro "JOY_DOWN" (declared at line 23 of "board_files/JOY.h")
Inputs.h(15): warning:  #47-D: incompatible redefinition of macro "JOY_RIGHT" (declared at line 20 of "board_files/JOY.h")
Inputs.h(16): warning:  #47-D: incompatible redefinition of macro "JOY_LEFT" (declared at line 19 of "board_files/JOY.h")
Inputs.h(34): warning:  #1-D: last line of file ends without a newline
[...]
Inputs.c(5): warning:  #550-D: variable "err" was set but never used
Inputs.c(90): error:  #20: identifier "headMessage" is undefined
Inputs.c(112): error:  #20: identifier "headMessage" is undefined
Inputs.c(27): warning:  #550-D: variable "err" was set but never used
compiling Text.c...
Time.h(37): warning:  #1-D: last line of file ends without a newline
Text.h(28): warning:  #1295-D: Deprecated declaration USART3_IRQHandler - give arg types
Text.h(39): warning:  #1-D: last line of file ends without a newline
Display.h(40): warning:  #1-D: last line of file ends without a newline
Text.c(4): warning:  #1295-D: Deprecated declaration screamAndDie - give arg types
Text.c(80): error:  #20: identifier "TextMessage" is undefined
Text.c(80): error:  #167: argument of type "unsigned long" is incompatible with parameter of type "void *"
Text.c(86): error:  #167: argument of type "unsigned long" is incompatible with parameter of type "void *"
Text.c(92): error:  #20: identifier "headMessage" is undefined
Text.c(101): warning:  #550-D: variable "err" was set but never used
Text.c(162): warning:  #1-D: last line of file ends without a newline
Target not created
Build target 'Target 1'
compiling LCD_TEST.c...
Time.h(37): warning:  #1-D: last line of file ends without a newline
Text.h(28): warning:  #1295-D: Deprecated declaration USART3_IRQHandler - give arg types
Text.h(39): warning:  #1-D: last line of file ends without a newline
Display.h(40): warning:  #1-D: last line of file ends without a newline
Inputs.h(15): warning:  #47-D: incompatible redefinition of macro "JOY_UP" (declared at line 22 of "board_files/JOY.h")
Inputs.h(16): warning:  #47-D: incompatible redefinition of macro "JOY_DOWN" (declared at line 23 of "board_files/JOY.h")
Inputs.h(17): warning:  #47-D: incompatible redefinition of macro "JOY_RIGHT" (declared at line 20 of "board_files/JOY.h")
Inputs.h(18): warning:  #47-D: incompatible redefinition of macro "JOY_LEFT" (declared at line 19 of "board_files/JOY.h")
Inputs.h(45): warning:  #1-D: last line of file ends without a newline
LCD_TEST.c(77): warning:  #223-D: function "KBD_GetKeys" declared implicitly
LCD_TEST.c(69): warning:  #177-D: variable "sec" was declared but never referenced
LCD_TEST.c(143): warning:  #223-D: function "KBD_Init" declared implicitly
LCD_TEST.c(160): warning:  #223-D: function "memcpy" declared implicitly
compiling Display.c...
Time.h(37): warning:  #1-D: last line of file ends without a newline
Text.h(28): warning:  #1295-D: Deprecated declaration USART3_IRQHandler - give arg types
Text.h(39): warning:  #1-D: last line of file ends without a newline
Display.h(40): warning:  #1-D: last line of file ends without a newline
Display.c(28): warning:  #167-D: argument of type "char *" is incompatible with parameter of type "unsigned char *"
Display.c(29): warning:  #167-D: argument of type "char *" is incompatible with parameter of type "unsigned char *"
Display.c(30): warning:  #167-D: argument of type "char *" is incompatible with parameter of type "unsigned char *"
Display.c(107): warning:  #223-D: function "sprintf" declared implicitly
Display.c(39): warning:  #550-D: variable "err" was set but never used
Display.c(133): warning:  #223-D: function "sprintf" declared implicitly
Display.c(115): warning:  #550-D: variable "err" was set but never used
Display.c(119): warning:  #550-D: variable "offset" was set but never used
compiling Inputs.c...
Time.h(37): warning:  #1-D: last line of file ends without a newline
Text.h(28): warning:  #1295-D: Deprecated declaration USART3_IRQHandler - give arg types
Text.h(39): warning:  #1-D: last line of file ends without a newline
Display.h(40): warning:  #1-D: last line of file ends without a newline
Inputs.h(15): warning:  #47-D: incompatible redefinition of macro "JOY_UP" (declared at line 22 of "board_files/JOY.h")
Inputs.h(16): warning:  #47-D: incompatible redefinition of macro "JOY_DOWN" (declared at line 23 of "board_files/JOY.h")
Inputs.h(17): warning:  #47-D: incompatible redefinition of macro "JOY_RIGHT" (declared at line 20 of "board_files/JOY.h")
Inputs.h(18): warning:  #47-D: incompatible redefinition of macro "JOY_LEFT" (declared at line 19 of "board_files/JOY.h")
Inputs.h(45): warning:  #1-D: last line of file ends without a newline
Inputs.c(5): warning:  #550-D: variable "err" was set but never used
Inputs.c(90): error:  #20: identifier "headMessage" is undefined
Inputs.c(112): error:  #20: identifier "headMessage" is undefined
Inputs.c(27): warning:  #550-D: variable "err" was set but never used
compiling Text.c...
Time.h(37): warning:  #1-D: last line of file ends without a newline
Text.h(28): warning:  #1295-D: Deprecated declaration USART3_IRQHandler - give arg types
Text.h(39): warning:  #1-D: last line of file ends without a newline
Display.h(40): warning:  #1-D: last line of file ends without a newline
Text.c(4): warning:  #1295-D: Deprecated declaration screamAndDie - give arg types
Text.c(80): error:  #167: argument of type "unsigned long" is incompatible with parameter of type "void *"
Text.c(86): error:  #167: argument of type "unsigned long" is incompatible with parameter of type "void *"
Text.c(92): error:  #20: identifier "headMessage" is undefined
Text.c(101): warning:  #550-D: variable "err" was set but never used
Text.c(162): warning:  #1-D: last line of file ends without a newline
compiling Time.c...
Time.h(37): warning:  #1-D: last line of file ends without a newline
Text.h(28): warning:  #1295-D: Deprecated declaration USART3_IRQHandler - give arg types
Text.h(39): warning:  #1-D: last line of file ends without a newline
Display.h(40): warning:  #1-D: last line of file ends without a newline
Time.c(5): warning:  #550-D: variable "err" was set but never used
Time.c(24): warning:  #550-D: variable "err" was set but never used
Time.c(41): warning:  #550-D: variable "err" was set but never used
Target not created
Build target 'Target 1'
compiling Inputs.c...
Time.h(37): warning:  #1-D: last line of file ends without a newline
Text.h(28): warning:  #1295-D: Deprecated declaration USART3_IRQHandler - give arg types
Text.h(39): warning:  #1-D: last line of file ends without a newline
Display.h(40): warning:  #1-D: last line of file ends without a newline
Inputs.h(15): warning:  #47-D: incompatible redefinition of macro "JOY_UP" (declared at line 22 of "board_files/JOY.h")
Inputs.h(16): warning:  #47-D: incompatible redefinition of macro "JOY_DOWN" (declared at line 23 of "board_files/JOY.h")
Inputs.h(17): warning:  #47-D: incompatible redefinition of macro "JOY_RIGHT" (declared at line 20 of "board_files/JOY.h")
Inputs.h(18): warning:  #47-D: incompatible redefinition of macro "JOY_LEFT" (declared at line 19 of "board_files/JOY.h")
Inputs.h(45): warning:  #1-D: last line of file ends without a newline
Inputs.c(5): warning:  #550-D: variable "err" was set but never used
Inputs.c(90): error:  #20: identifier "headMessage" is undefined
Inputs.c(112): error:  #20: identifier "headMessage" is undefined
Inputs.c(27): warning:  #550-D: variable "err" was set but never used
compiling Text.c...
Time.h(37): warning:  #1-D: last line of file ends without a newline
Text.h(28): warning:  #1295-D: Deprecated declaration USART3_IRQHandler - give arg types
Text.h(39): warning:  #1-D: last line of file ends without a newline
Display.h(40): warning:  #1-D: last line of file ends without a newline
Text.c(4): warning:  #1295-D: Deprecated declaration screamAndDie - give arg types
Text.c(86): error:  #167: argument of type "unsigned long" is incompatible with parameter of type "void *"
Text.c(92): error:  #20: identifier "headMessage" is undefined
Text.c(101): warning:  #550-D: variable "err" was set but never used
Text.c(162): warning:  #1-D: last line of file ends without a newline
Target not created
Build target 'Target 1'
compiling Inputs.c...
Time.h(37): warning:  #1-D: last line of file ends without a newline
Text.h(28): warning:  #1295-D: Deprecated declaration USART3_IRQHandler - give arg types
Text.h(39): warning:  #1-D: last line of file ends without a newline
Display.h(40): warning:  #1-D: last line of file ends without a newline
Inputs.h(15): warning:  #47-D: incompatible redefinition of macro "JOY_UP" (declared at line 22 of "board_files/JOY.h")
Inputs.h(16): warning:  #47-D: incompatible redefinition of macro "JOY_DOWN" (declared at line 23 of "board_files/JOY.h")
Inputs.h(17): warning:  #47-D: incompatible redefinition of macro "JOY_RIGHT" (declared at line 20 of "board_files/JOY.h")
Inputs.h(18): warning:  #47-D: incompatible redefinition of macro "JOY_LEFT" (declared at line 19 of "board_files/JOY.h")
Inputs.h(45): warning:  #1-D: last line of file ends without a newline
Inputs.c(5): warning:  #550-D: variable "err" was set but never used
Inputs.c(90): error:  #20: identifier "headMessage" is undefined
Inputs.c(112): error:  #20: identifier "headMessage" is undefined
Inputs.c(27): warning:  #550-D: variable "err" was set but never used
compiling Text.c...
Time.h(37): warning:  #1-D: last line of file ends without a newline
Text.h(28): warning:  #1295-D: Deprecated declaration USART3_IRQHandler - give arg types
Text.h(39): warning:  #1-D: last line of file ends without a newline
Display.h(40): warning:  #1-D: last line of file ends without a newline
Text.c(4): warning:  #1295-D: Deprecated declaration screamAndDie - give arg types
Text.c(92): error:  #20: identifier "headMessage" is undefined
Text.c(101): warning:  #550-D: variable "err" was set but never used
Text.c(162): warning:  #1-D: last line of file ends without a newline
Target not created
Build target 'Target 1'
compiling LCD_TEST.c...
Time.h(37): warning:  #1-D: last line of file ends without a newline
Text.h(28): warning:  #1295-D: Deprecated declaration USART3_IRQHandler - give arg types
Text.h(40): warning:  #1-D: last line of file ends without a newline
Display.h(40): warning:  #1-D: last line of file ends without a newline
Inputs.h(15): warning:  #47-D: incompatible redefinition of macro "JOY_UP" (declared at line 22 of "board_files/JOY.h")
Inputs.h(16): warning:  #47-D: incompatible redefinition of macro "JOY_DOWN" (declared at line 23 of "board_files/JOY.h")
Inputs.h(17): warning:  #47-D: incompatible redefinition of macro "JOY_RIGHT" (declared at line 20 of "board_files/JOY.h")
Inputs.h(18): warning:  #47-D: incompatible redefinition of macro "JOY_LEFT" (declared at line 19 of "board_files/JOY.h")
Inputs.h(45): warning:  #1-D: last line of file ends without a newline
LCD_TEST.c(77): warning:  #223-D: function "KBD_GetKeys" declared implicitly
LCD_TEST.c(69): warning:  #177-D: variable "sec" was declared but never referenced
LCD_TEST.c(143): warning:  #223-D: function "KBD_Init" declared implicitly
LCD_TEST.c(160): warning:  #223-D: function "memcpy" declared implicitly
compiling Display.c...
Time.h(37): warning:  #1-D: last line of file ends without a newline
Text.h(28): warning:  #1295-D: Deprecated declaration USART3_IRQHandler - give arg types
Text.h(40): warning:  #1-D: last line of file ends without a newline
Display.h(40): warning:  #1-D: last line of file ends without a newline
Display.c(28): warning:  #167-D: argument of type "char *" is incompatible with parameter of type "unsigned char *"
Display.c(29): warning:  #167-D: argument of type "char *" is incompatible with parameter of type "unsigned char *"
Display.c(30): warning:  #167-D: argument of type "char *" is incompatible with parameter of type "unsigned char *"
Display.c(107): warning:  #223-D: function "sprintf" declared implicitly
Display.c(39): warning:  #550-D: variable "err" was set but never used
Display.c(133): warning:  #223-D: function "sprintf" declared implicitly
Display.c(115): warning:  #550-D: variable "err" was set but never used
Display.c(119): warning:  #550-D: variable "offset" was set but never used
compiling Inputs.c...
Time.h(37): warning:  #1-D: last line of file ends without a newline
Text.h(28): warning:  #1295-D: Deprecated declaration USART3_IRQHandler - give arg types
Text.h(40): warning:  #1-D: last line of file ends without a newline
Display.h(40): warning:  #1-D: last line of file ends without a newline
Inputs.h(15): warning:  #47-D: incompatible redefinition of macro "JOY_UP" (declared at line 22 of "board_files/JOY.h")
Inputs.h(16): warning:  #47-D: incompatible redefinition of macro "JOY_DOWN" (declared at line 23 of "board_files/JOY.h")
Inputs.h(17): warning:  #47-D: incompatible redefinition of macro "JOY_RIGHT" (declared at line 20 of "board_files/JOY.h")
Inputs.h(18): warning:  #47-D: incompatible redefinition of macro "JOY_LEFT" (declared at line 19 of "board_files/JOY.h")
Inputs.h(45): warning:  #1-D: last line of file ends without a newline
Inputs.c(5): warning:  #550-D: variable "err" was set but never used
Inputs.c(27): warning:  #550-D: variable "err" was set but never used
compiling Text.c...
Time.h(37): warning:  #1-D: last line of file ends without a newline
Text.h(28): warning:  #1295-D: Deprecated declaration USART3_IRQHandler - give arg types
Text.h(40): warning:  #1-D: last line of file ends without a newline
Display.h(40): warning:  #1-D: last line of file ends without a newline
Text.c(4): warning:  #1295-D: Deprecated declaration screamAndDie - give arg types
Text.c(101): warning:  #550-D: variable "err" was set but never used
Text.c(162): warning:  #1-D: last line of file ends without a newline
compiling Time.c...
Time.h(37): warning:  #1-D: last line of file ends without a newline
Text.h(28): warning:  #1295-D: Deprecated declaration USART3_IRQHandler - give arg types
Text.h(40): warning:  #1-D: last line of file ends without a newline
Display.h(40): warning:  #1-D: last line of file ends without a newline
Time.c(5): warning:  #550-D: variable "err" was set but never used
Time.c(24): warning:  #550-D: variable "err" was set but never used
Time.c(41): warning:  #550-D: variable "err" was set but never used
linking...
Program Size: Code=14484 RO-data=7052 RW-data=172 ZI-data=15956  
"project.axf" - 0 Error(s), 50 Warning(s).
Build target 'Target 1'
linking...
Program Size: Code=14484 RO-data=7052 RW-data=172 ZI-data=15956  
"project.axf" - 0 Error(s), 0 Warning(s).
Load "C:\\Users\\student\\Desktop\\finalProject - Pretty\\project.AXF" 
Erase Done.
Programming Done.
Verify OK.
Build target 'Target 1'
compiling Display.c...
Time.h(37): warning:  #1-D: last line of file ends without a newline
Text.h(28): warning:  #1295-D: Deprecated declaration USART3_IRQHandler - give arg types
Text.h(40): warning:  #1-D: last line of file ends without a newline
Display.h(40): warning:  #1-D: last line of file ends without a newline
Display.c(28): warning:  #167-D: argument of type "char *" is incompatible with parameter of type "unsigned char *"
Display.c(29): warning:  #167-D: argument of type "char *" is incompatible with parameter of type "unsigned char *"
Display.c(30): warning:  #167-D: argument of type "char *" is incompatible with parameter of type "unsigned char *"
Display.c(108): warning:  #223-D: function "sprintf" declared implicitly
Display.c(39): warning:  #550-D: variable "err" was set but never used
Display.c(134): warning:  #223-D: function "sprintf" declared implicitly
Display.c(116): warning:  #550-D: variable "err" was set but never used
Display.c(120): warning:  #550-D: variable "offset" was set but never used
compiling Text.c...
Time.h(37): warning:  #1-D: last line of file ends without a newline
Text.h(28): warning:  #1295-D: Deprecated declaration USART3_IRQHandler - give arg types
Text.h(40): warning:  #1-D: last line of file ends without a newline
Display.h(40): warning:  #1-D: last line of file ends without a newline
Text.c(4): warning:  #1295-D: Deprecated declaration screamAndDie - give arg types
Text.c(101): warning:  #550-D: variable "err" was set but never used
Text.c(163): warning:  #1-D: last line of file ends without a newline
linking...
Program Size: Code=14468 RO-data=7052 RW-data=172 ZI-data=16012  
"project.axf" - 0 Error(s), 19 Warning(s).
Load "C:\\Users\\student\\Desktop\\finalProject - Pretty\\project.AXF" 
Erase Done.
Programming Done.
Verify OK.
Build target 'Target 1'
compiling LCD_TEST.c...
Time.h(37): warning:  #1-D: last line of file ends without a newline
Text.h(28): warning:  #1295-D: Deprecated declaration USART3_IRQHandler - give arg types
Text.h(40): warning:  #1-D: last line of file ends without a newline
Display.h(40): warning:  #1-D: last line of file ends without a newline
Inputs.h(15): warning:  #47-D: incompatible redefinition of macro "JOY_UP" (declared at line 22 of "board_files/JOY.h")
Inputs.h(16): warning:  #47-D: incompatible redefinition of macro "JOY_DOWN" (declared at line 23 of "board_files/JOY.h")
Inputs.h(17): warning:  #47-D: incompatible redefinition of macro "JOY_RIGHT" (declared at line 20 of "board_files/JOY.h")
Inputs.h(18): warning:  #47-D: incompatible redefinition of macro "JOY_LEFT" (declared at line 19 of "board_files/JOY.h")
Inputs.h(45): warning:  #1-D: last line of file ends without a newline
LCD_TEST.c(77): warning:  #223-D: function "KBD_GetKeys" declared implicitly
LCD_TEST.c(69): warning:  #177-D: variable "sec" was declared but never referenced
LCD_TEST.c(143): warning:  #223-D: function "KBD_Init" declared implicitly
LCD_TEST.c(160): warning:  #223-D: function "memcpy" declared implicitly
compiling Display.c...
Time.h(37): warning:  #1-D: last line of file ends without a newline
Text.h(28): warning:  #1295-D: Deprecated declaration USART3_IRQHandler - give arg types
Text.h(40): warning:  #1-D: last line of file ends without a newline
Display.h(40): warning:  #1-D: last line of file ends without a newline
Display.c(28): warning:  #167-D: argument of type "char *" is incompatible with parameter of type "unsigned char *"
Display.c(29): warning:  #167-D: argument of type "char *" is incompatible with parameter of type "unsigned char *"
Display.c(30): warning:  #167-D: argument of type "char *" is incompatible with parameter of type "unsigned char *"
Display.c(108): warning:  #223-D: function "sprintf" declared implicitly
Display.c(39): warning:  #550-D: variable "err" was set but never used
Display.c(134): warning:  #223-D: function "sprintf" declared implicitly
Display.c(116): warning:  #550-D: variable "err" was set but never used
Display.c(120): warning:  #550-D: variable "offset" was set but never used
compiling Inputs.c...
Time.h(37): warning:  #1-D: last line of file ends without a newline
Text.h(28): warning:  #1295-D: Deprecated declaration USART3_IRQHandler - give arg types
Text.h(40): warning:  #1-D: last line of file ends without a newline
Display.h(40): warning:  #1-D: last line of file ends without a newline
Inputs.h(15): warning:  #47-D: incompatible redefinition of macro "JOY_UP" (declared at line 22 of "board_files/JOY.h")
Inputs.h(16): warning:  #47-D: incompatible redefinition of macro "JOY_DOWN" (declared at line 23 of "board_files/JOY.h")
Inputs.h(17): warning:  #47-D: incompatible redefinition of macro "JOY_RIGHT" (declared at line 20 of "board_files/JOY.h")
Inputs.h(18): warning:  #47-D: incompatible redefinition of macro "JOY_LEFT" (declared at line 19 of "board_files/JOY.h")
Inputs.h(45): warning:  #1-D: last line of file ends without a newline
Inputs.c(5): warning:  #550-D: variable "err" was set but never used
Inputs.c(27): warning:  #550-D: variable "err" was set but never used
linking...
Program Size: Code=14468 RO-data=7052 RW-data=172 ZI-data=16012  
"project.axf" - 0 Error(s), 36 Warning(s).
Load "C:\\Users\\student\\Desktop\\finalProject - Pretty\\project.AXF" 
Erase Done.
Programming Done.
Verify OK.
